Component: ARM Compiler 5.06 update 4 (build 422) Tool: armlink [4d35d2]

==============================================================================

Section Cross References

    exp3-1.o(i.ASCII2Disp) refers to strchr.o(.text) for strchr
    exp3-1.o(i.ASCII2Disp) refers to exp3-1.o(.constdata) for disp_tab
    exp3-1.o(i.Display_8tubes) refers to exp3-1.o(i.I2C0_WriteByte) for I2C0_WriteByte
    exp3-1.o(i.Display_8tubes) refers to exp3-1.o(.data) for seg7
    exp3-1.o(i.GPIOJ_Handler) refers to gpio.o(i.GPIOIntStatus) for GPIOIntStatus
    exp3-1.o(i.GPIOJ_Handler) refers to gpio.o(i.GPIOIntClear) for GPIOIntClear
    exp3-1.o(i.GPIOJ_Handler) refers to gpio.o(i.GPIOPinRead) for GPIOPinRead
    exp3-1.o(i.GPIOJ_Handler) refers to sysctl.o(.emb_text) for SysCtlDelay
    exp3-1.o(i.GPIOJ_Handler) refers to exp3-1.o(i.reboot) for reboot
    exp3-1.o(i.GPIOJ_Handler) refers to gpio.o(i.GPIOPinWrite) for GPIOPinWrite
    exp3-1.o(i.GPIOJ_Handler) refers to exp3-1.o(.data) for ui32SysClock
    exp3-1.o(i.I2C0_ReadByte) refers to i2c.o(i.I2CMasterBusy) for I2CMasterBusy
    exp3-1.o(i.I2C0_ReadByte) refers to i2c.o(i.I2CMasterSlaveAddrSet) for I2CMasterSlaveAddrSet
    exp3-1.o(i.I2C0_ReadByte) refers to i2c.o(i.I2CMasterDataPut) for I2CMasterDataPut
    exp3-1.o(i.I2C0_ReadByte) refers to i2c.o(i.I2CMasterControl) for I2CMasterControl
    exp3-1.o(i.I2C0_ReadByte) refers to i2c.o(i.I2CMasterBusBusy) for I2CMasterBusBusy
    exp3-1.o(i.I2C0_ReadByte) refers to i2c.o(i.I2CMasterErr) for I2CMasterErr
    exp3-1.o(i.I2C0_ReadByte) refers to exp3-1.o(i.Delay) for Delay
    exp3-1.o(i.I2C0_ReadByte) refers to i2c.o(i.I2CMasterDataGet) for I2CMasterDataGet
    exp3-1.o(i.I2C0_WriteByte) refers to i2c.o(i.I2CMasterBusy) for I2CMasterBusy
    exp3-1.o(i.I2C0_WriteByte) refers to i2c.o(i.I2CMasterSlaveAddrSet) for I2CMasterSlaveAddrSet
    exp3-1.o(i.I2C0_WriteByte) refers to i2c.o(i.I2CMasterDataPut) for I2CMasterDataPut
    exp3-1.o(i.I2C0_WriteByte) refers to i2c.o(i.I2CMasterControl) for I2CMasterControl
    exp3-1.o(i.I2C0_WriteByte) refers to i2c.o(i.I2CMasterErr) for I2CMasterErr
    exp3-1.o(i.Initial_Sequence) refers to exp3-1.o(i.I2C0_WriteByte) for I2C0_WriteByte
    exp3-1.o(i.Initial_Sequence) refers to sysctl.o(.emb_text) for SysCtlDelay
    exp3-1.o(i.Initial_Sequence) refers to exp3-1.o(i.Display_8tubes) for Display_8tubes
    exp3-1.o(i.Initial_Sequence) refers to exp3-1.o(i.shut_down_tubes) for shut_down_tubes
    exp3-1.o(i.Initial_Sequence) refers to exp3-1.o(.data) for ui32SysClock
    exp3-1.o(i.S800_GPIO_Init) refers to sysctl.o(i.SysCtlPeripheralEnable) for SysCtlPeripheralEnable
    exp3-1.o(i.S800_GPIO_Init) refers to sysctl.o(i.SysCtlPeripheralReady) for SysCtlPeripheralReady
    exp3-1.o(i.S800_GPIO_Init) refers to gpio.o(i.GPIOPinTypeGPIOOutput) for GPIOPinTypeGPIOOutput
    exp3-1.o(i.S800_GPIO_Init) refers to gpio.o(i.GPIOPinTypeGPIOInput) for GPIOPinTypeGPIOInput
    exp3-1.o(i.S800_GPIO_Init) refers to gpio.o(i.GPIOPadConfigSet) for GPIOPadConfigSet
    exp3-1.o(i.S800_I2C0_Init) refers to sysctl.o(i.SysCtlPeripheralEnable) for SysCtlPeripheralEnable
    exp3-1.o(i.S800_I2C0_Init) refers to gpio.o(i.GPIOPinConfigure) for GPIOPinConfigure
    exp3-1.o(i.S800_I2C0_Init) refers to gpio.o(i.GPIOPinTypeI2CSCL) for GPIOPinTypeI2CSCL
    exp3-1.o(i.S800_I2C0_Init) refers to gpio.o(i.GPIOPinTypeI2C) for GPIOPinTypeI2C
    exp3-1.o(i.S800_I2C0_Init) refers to i2c.o(i.I2CMasterInitExpClk) for I2CMasterInitExpClk
    exp3-1.o(i.S800_I2C0_Init) refers to i2c.o(i.I2CMasterEnable) for I2CMasterEnable
    exp3-1.o(i.S800_I2C0_Init) refers to exp3-1.o(i.I2C0_WriteByte) for I2C0_WriteByte
    exp3-1.o(i.S800_I2C0_Init) refers to exp3-1.o(.data) for ui32SysClock
    exp3-1.o(i.S800_INT_Init) refers to systick.o(i.SysTickEnable) for SysTickEnable
    exp3-1.o(i.S800_INT_Init) refers to systick.o(i.SysTickIntEnable) for SysTickIntEnable
    exp3-1.o(i.S800_INT_Init) refers to interrupt.o(i.IntPrioritySet) for IntPrioritySet
    exp3-1.o(i.S800_INT_Init) refers to uart.o(i.UARTIntEnable) for UARTIntEnable
    exp3-1.o(i.S800_INT_Init) refers to interrupt.o(i.IntEnable) for IntEnable
    exp3-1.o(i.S800_INT_Init) refers to gpio.o(i.GPIOIntTypeSet) for GPIOIntTypeSet
    exp3-1.o(i.S800_INT_Init) refers to gpio.o(i.GPIOIntRegister) for GPIOIntRegister
    exp3-1.o(i.S800_INT_Init) refers to gpio.o(i.GPIOIntEnable) for GPIOIntEnable
    exp3-1.o(i.S800_INT_Init) refers to interrupt.o(i.IntMasterEnable) for IntMasterEnable
    exp3-1.o(i.S800_INT_Init) refers to exp3-1.o(i.GPIOJ_Handler) for GPIOJ_Handler
    exp3-1.o(i.S800_UART_Init) refers to sysctl.o(i.SysCtlPeripheralEnable) for SysCtlPeripheralEnable
    exp3-1.o(i.S800_UART_Init) refers to sysctl.o(i.SysCtlPeripheralReady) for SysCtlPeripheralReady
    exp3-1.o(i.S800_UART_Init) refers to gpio.o(i.GPIOPinConfigure) for GPIOPinConfigure
    exp3-1.o(i.S800_UART_Init) refers to gpio.o(i.GPIOPinTypeUART) for GPIOPinTypeUART
[...]
    ../fplib/dretinf.s                       0x00000000   Number         0  dretinf.o ABSOLUTE
    ../fplib/drleqf.s                        0x00000000   Number         0  drleqf.o ABSOLUTE
    ../fplib/dsqrt.s                         0x00000000   Number         0  dsqrt_umaal.o ABSOLUTE
    ../fplib/fpinit.s                        0x00000000   Number         0  fpinit.o ABSOLUTE
    ../fplib/retnan.s                        0x00000000   Number         0  retnan.o ABSOLUTE
    ../fplib/scalbn.s                        0x00000000   Number         0  scalbn.o ABSOLUTE
    ../fplib/trapv.s                         0x00000000   Number         0  trapv.o ABSOLUTE
    ../fplib/usenofp.s                       0x00000000   Number         0  usenofp.o ABSOLUTE
    ../mathlib/dunder.c                      0x00000000   Number         0  dunder.o ABSOLUTE
    ../mathlib/fabs.c                        0x00000000   Number         0  fabs.o ABSOLUTE
    ../mathlib/fpclassify.c                  0x00000000   Number         0  fpclassify.o ABSOLUTE
    ../mathlib/poly.c                        0x00000000   Number         0  poly.o ABSOLUTE
    ../mathlib/pow.c                         0x00000000   Number         0  pow_x.o ABSOLUTE
    ../mathlib/pow.c                         0x00000000   Number         0  pow.o ABSOLUTE
    ../mathlib/qnan.c                        0x00000000   Number         0  qnan.o ABSOLUTE
    ../mathlib/sqrt.c                        0x00000000   Number         0  sqrt_x.o ABSOLUTE
    ../mathlib/sqrt.c                        0x00000000   Number         0  sqrt.o ABSOLUTE
    RTE\Device\TM4C1294NCPDT\startup_TM4C129.s 0x00000000   Number         0  startup_tm4c129.o ABSOLUTE
    RTE\Device\TM4C1294NCPDT\system_TM4C129.c 0x00000000   Number         0  system_tm4c129.o ABSOLUTE
    RTE\\Device\\TM4C1294NCPDT\\system_TM4C129.c 0x00000000   Number         0  system_tm4c129.o ABSOLUTE
    cpu.c                                    0x00000000   Number         0  cpu.o ABSOLUTE
    cpu.c                                    0x00000000   Number         0  cpu.o ABSOLUTE
    dc.s                                     0x00000000   Number         0  dc.o ABSOLUTE
    exp3-1.c                                 0x00000000   Number         0  exp3-1.o ABSOLUTE
    gpio.c                                   0x00000000   Number         0  gpio.o ABSOLUTE
    i2c.c                                    0x00000000   Number         0  i2c.o ABSOLUTE
    interrupt.c                              0x00000000   Number         0  interrupt.o ABSOLUTE
    sysctl.c                                 0x00000000   Number         0  sysctl.o ABSOLUTE
    sysctl.c                                 0x00000000   Number         0  sysctl.o ABSOLUTE
    systick.c                                0x00000000   Number         0  systick.o ABSOLUTE
    uart.c                                   0x00000000   Number         0  uart.o ABSOLUTE
    !!!main                                  0x00000200   Section        8  __main.o(!!!main)
    !!!scatter                               0x00000208   Section       52  __scatter.o(!!!scatter)
    !!dczerorl2                              0x0000023c   Section       90  __dczerorl2.o(!!dczerorl2)
    !!handler_zi                             0x00000298   Section       28  __scatter_zi.o(!!handler_zi)
    .ARM.Collect$$libinit$$00000000          0x000002b4   Section        2  libinit.o(.ARM.Collect$$libinit$$00000000)
    .ARM.Collect$$libinit$$00000001          0x000002b6   Section        4  libinit2.o(.ARM.Collect$$libinit$$00000001)
    .ARM.Collect$$libinit$$00000004          0x000002ba   Section        0  libinit2.o(.ARM.Collect$$libinit$$00000004)
    .ARM.Collect$$libinit$$0000000A          0x000002ba   Section        0  libinit2.o(.ARM.Collect$$libinit$$0000000A)
    .ARM.Collect$$libinit$$0000000C          0x000002ba   Section        0  libinit2.o(.ARM.Collect$$libinit$$0000000C)
    .ARM.Collect$$libinit$$0000000E          0x000002ba   Section        0  libinit2.o(.ARM.Collect$$libinit$$0000000E)
    .ARM.Collect$$libinit$$00000011          0x000002ba   Section        0  libinit2.o(.ARM.Collect$$libinit$$00000011)
    .ARM.Collect$$libinit$$00000013          0x000002ba   Section        0  libinit2.o(.ARM.Collect$$libinit$$00000013)
    .ARM.Collect$$libinit$$00000015          0x000002ba   Section        0  libinit2.o(.ARM.Collect$$libinit$$00000015)
    .ARM.Collect$$libinit$$00000017          0x000002ba   Section        0  libinit2.o(.ARM.Collect$$libinit$$00000017)
    .ARM.Collect$$libinit$$00000019          0x000002ba   Section        0  libinit2.o(.ARM.Collect$$libinit$$00000019)
    .ARM.Collect$$libinit$$0000001B          0x000002ba   Section        0  libinit2.o(.ARM.Collect$$libinit$$0000001B)
    .ARM.Collect$$libinit$$0000001D          0x000002ba   Section        0  libinit2.o(.ARM.Collect$$libinit$$0000001D)
    .ARM.Collect$$libinit$$0000001F          0x000002ba   Section        0  libinit2.o(.ARM.Collect$$libinit$$0000001F)
    .ARM.Collect$$libinit$$00000021          0x000002ba   Section        0  libinit2.o(.ARM.Collect$$libinit$$00000021)
    .ARM.Collect$$libinit$$00000023          0x000002ba   Section        0  libinit2.o(.ARM.Collect$$libinit$$00000023)
    .ARM.Collect$$libinit$$00000025          0x000002ba   Section        0  libinit2.o(.ARM.Collect$$libinit$$00000025)
    .ARM.Collect$$libinit$$0000002C          0x000002ba   Section        0  libinit2.o(.ARM.Collect$$libinit$$0000002C)
    .ARM.Collect$$libinit$$0000002E          0x000002ba   Section        0  libinit2.o(.ARM.Collect$$libinit$$0000002E)
    .ARM.Collect$$libinit$$00000030          0x000002ba   Section        0  libinit2.o(.ARM.Collect$$libinit$$00000030)
    .ARM.Collect$$libinit$$00000032          0x000002ba   Section        0  libinit2.o(.ARM.Collect$$libinit$$00000032)
    .ARM.Collect$$libinit$$00000033          0x000002ba   Section        2  libinit2.o(.ARM.Collect$$libinit$$00000033)
    .ARM.Collect$$libshutdown$$00000000      0x000002bc   Section        2  libshutdown.o(.ARM.Collect$$libshutdown$$00000000)
    .ARM.Collect$$libshutdown$$00000002      0x000002be   Section        0  libshutdown2.o(.ARM.Collect$$libshutdown$$00000002)
    .ARM.Collect$$libshutdown$$00000004      0x000002be   Section        0  libshutdown2.o(.ARM.Collect$$libshutdown$$00000004)
    .ARM.Collect$$libshutdown$$00000007      0x000002be   Section        0  libshutdown2.o(.ARM.Collect$$libshutdown$$00000007)
    .ARM.Collect$$libshutdown$$0000000A      0x000002be   Section        0  libshutdown2.o(.ARM.Collect$$libshutdown$$0000000A)
    .ARM.Collect$$libshutdown$$0000000C      0x000002be   Section        0  libshutdown2.o(.ARM.Collect$$libshutdown$$0000000C)
    .ARM.Collect$$libshutdown$$0000000F      0x000002be   Section        0  libshutdown2.o(.ARM.Collect$$libshutdown$$0000000F)
    .ARM.Collect$$libshutdown$$00000010      0x000002be   Section        2  libshutdown2.o(.ARM.Collect$$libshutdown$$00000010)
    .ARM.Collect$$rtentry$$00000000          0x000002c0   Section        0  __rtentry.o(.ARM.Collect$$rtentry$$00000000)
    .ARM.Collect$$rtentry$$00000002          0x000002c0   Section        0  __rtentry2.o(.ARM.Collect$$rtentry$$00000002)
    .ARM.Collect$$rtentry$$00000004          0x000002c0   Section        6  __rtentry4.o(.ARM.Collect$$rtentry$$00000004)
    .ARM.Collect$$rtentry$$00000009          0x000002c6   Section        0  __rtentry2.o(.ARM.Collect$$rtentry$$00000009)
    .ARM.Collect$$rtentry$$0000000A          0x000002c6   Section        4  __rtentry2.o(.ARM.Collect$$rtentry$$0000000A)
    .ARM.Collect$$rtentry$$0000000C          0x000002ca   Section        0  __rtentry2.o(.ARM.Collect$$rtentry$$0000000C)
    .ARM.Collect$$rtentry$$0000000D          0x000002ca   Section        8  __rtentry2.o(.ARM.Collect$$rtentry$$0000000D)
    .ARM.Collect$$rtexit$$00000000           0x000002d2   Section        2  rtexit.o(.ARM.Collect$$rtexit$$00000000)
    .ARM.Collect$$rtexit$$00000002           0x000002d4   Section        0  rtexit2.o(.ARM.Collect$$rtexit$$00000002)
    .ARM.Collect$$rtexit$$00000003           0x000002d4   Section        4  rtexit2.o(.ARM.Collect$$rtexit$$00000003)
    .ARM.Collect$$rtexit$$00000004           0x000002d8   Section        6  rtexit2.o(.ARM.Collect$$rtexit$$00000004)
    .emb_text                                0x000002e0   Section        6  sysctl.o(.emb_text)
    $v0                                      0x000002e0   Number         0  sysctl.o(.emb_text)
    .emb_text                                0x000002e8   Section       38  cpu.o(.emb_text)
    $v0                                      0x000002e8   Number         0  cpu.o(.emb_text)
    .text                                    0x00000310   Section      300  startup_tm4c129.o(.text)
    $v0                                      0x00000310   Number         0  startup_tm4c129.o(.text)
    .text                                    0x0000043c   Section        0  strncmp.o(.text)
    .text                                    0x000004d2   Section        0  heapauxi.o(.text)
    .text                                    0x000004d8   Section        0  _rserrno.o(.text)
    .text                                    0x000004f0   Section        8  rt_errno_addr_intlibspace.o(.text)
    .text                                    0x000004f8   Section        8  libspace.o(.text)
    .text                                    0x00000500   Section       74  sys_stackheap_outer.o(.text)
    .text                                    0x0000054a   Section        0  exit.o(.text)
    .text                                    0x0000055c   Section        0  sys_exit.o(.text)
    .text                                    0x00000568   Section        2  use_no_semi.o(.text)
    .text                                    0x0000056a   Section        0  indicate_semi.o(.text)
    i.Delay                                  0x0000056a   Section        0  exp3-1.o(i.Delay)
    i.Display_8tubes                         0x00000578   Section        0  exp3-1.o(i.Display_8tubes)
    i.GPIODirModeSet                         0x000005a0   Section        0  gpio.o(i.GPIODirModeSet)
    i.GPIOIntClear                           0x000005c8   Section        0  gpio.o(i.GPIOIntClear)
    i.GPIOIntEnable                          0x000005ce   Section        0  gpio.o(i.GPIOIntEnable)
    i.GPIOIntRegister                        0x000005da   Section        0  gpio.o(i.GPIOIntRegister)
    i.GPIOIntStatus                          0x000005f4   Section        0  gpio.o(i.GPIOIntStatus)
    i.GPIOIntTypeSet                         0x00000602   Section        0  gpio.o(i.GPIOIntTypeSet)
    i.GPIOJ_Handler                          0x00000654   Section        0  exp3-1.o(i.GPIOJ_Handler)
    i.GPIOPadConfigSet                       0x00000710   Section        0  gpio.o(i.GPIOPadConfigSet)
    i.GPIOPinConfigure                       0x00000848   Section        0  gpio.o(i.GPIOPinConfigure)
    i.GPIOPinRead                            0x0000088c   Section        0  gpio.o(i.GPIOPinRead)
    i.GPIOPinTypeGPIOInput                   0x00000892   Section        0  gpio.o(i.GPIOPinTypeGPIOInput)
    i.GPIOPinTypeGPIOOutput                  0x000008ae   Section        0  gpio.o(i.GPIOPinTypeGPIOOutput)
    i.GPIOPinTypeI2C                         0x000008ca   Section        0  gpio.o(i.GPIOPinTypeI2C)
    i.GPIOPinTypeI2CSCL                      0x000008e6   Section        0  gpio.o(i.GPIOPinTypeI2CSCL)
    i.GPIOPinTypeUART                        0x00000902   Section        0  gpio.o(i.GPIOPinTypeUART)
    i.GPIOPinWrite                           0x0000091e   Section        0  gpio.o(i.GPIOPinWrite)
    i.I2C0_ReadByte                          0x00000924   Section        0  exp3-1.o(i.I2C0_ReadByte)
    i.I2C0_WriteByte                         0x000009a4   Section        0  exp3-1.o(i.I2C0_WriteByte)
    i.I2CMasterBusBusy                       0x00000a18   Section        0  i2c.o(i.I2CMasterBusBusy)
    i.I2CMasterBusy                          0x00000a24   Section        0  i2c.o(i.I2CMasterBusy)
    i.I2CMasterControl                       0x00000a30   Section        0  i2c.o(i.I2CMasterControl)
    i.I2CMasterDataGet                       0x00000a34   Section        0  i2c.o(i.I2CMasterDataGet)
    i.I2CMasterDataPut                       0x00000a38   Section        0  i2c.o(i.I2CMasterDataPut)
    i.I2CMasterEnable                        0x00000a3c   Section        0  i2c.o(i.I2CMasterEnable)
    i.I2CMasterErr                           0x00000a46   Section        0  i2c.o(i.I2CMasterErr)
    i.I2CMasterInitExpClk                    0x00000a60   Section        0  i2c.o(i.I2CMasterInitExpClk)
    i.I2CMasterSlaveAddrSet                  0x00000ab4   Section        0  i2c.o(i.I2CMasterSlaveAddrSet)
    i.Initial_Sequence                       0x00000abc   Section        0  exp3-1.o(i.Initial_Sequence)
    i.IntEnable                              0x00000bb0   Section        0  interrupt.o(i.IntEnable)
    i.IntMasterEnable                        0x00000c14   Section        0  interrupt.o(i.IntMasterEnable)
    i.IntPrioritySet                         0x00000c24   Section        0  interrupt.o(i.IntPrioritySet)
    i.IntRegister                            0x00000c4c   Section        0  interrupt.o(i.IntRegister)
    i.S800_GPIO_Init                         0x00000c80   Section        0  exp3-1.o(i.S800_GPIO_Init)
    i.S800_I2C0_Init                         0x00000d20   Section        0  exp3-1.o(i.S800_I2C0_Init)
    i.S800_INT_Init                          0x00000dc0   Section        0  exp3-1.o(i.S800_INT_Init)
    i.S800_UART_Init                         0x00000e14   Section        0  exp3-1.o(i.S800_UART_Init)
    i.SysCtlClockFreqSet                     0x00000e7c   Section        0  sysctl.o(i.SysCtlClockFreqSet)
    i.SysCtlPeripheralEnable                 0x00001168   Section        0  sysctl.o(i.SysCtlPeripheralEnable)
    i.SysCtlPeripheralReady                  0x00001190   Section        0  sysctl.o(i.SysCtlPeripheralReady)
    i.SysTickEnable                          0x000011bc   Section        0  systick.o(i.SysTickEnable)
    i.SysTickIntEnable                       0x000011ca   Section        0  systick.o(i.SysTickIntEnable)
    i.SysTickPeriodSet                       0x000011d8   Section        0  systick.o(i.SysTickPeriodSet)
    i.SysTick_Handler                        0x000011e4   Section        0  exp3-1.o(i.SysTick_Handler)
    i.SystemInit                             0x000013bc   Section        0  system_tm4c129.o(i.SystemInit)
    i.UART0_Handler                          0x000013dc   Section        0  exp3-1.o(i.UART0_Handler)
    i.UARTCharGetNonBlocking                 0x00001438   Section        0  uart.o(i.UARTCharGetNonBlocking)
    i.UARTCharPut                            0x00001448   Section        0  uart.o(i.UARTCharPut)
    i.UARTCharPutNonBlocking                 0x00001454   Section        0  uart.o(i.UARTCharPutNonBlocking)
    i.UARTCharsAvail                         0x00001464   Section        0  uart.o(i.UARTCharsAvail)
    i.UARTConfigSetExpClk                    0x0000146e   Section        0  uart.o(i.UARTConfigSetExpClk)
    i.UARTIntClear                           0x000014dc   Section        0  uart.o(i.UARTIntClear)
    i.UARTIntEnable                          0x000014e0   Section        0  uart.o(i.UARTIntEnable)
    i.UARTIntStatus                          0x000014e8   Section        0  uart.o(i.UARTIntStatus)
    i.UARTSpaceAvail                         0x000014f2   Section        0  uart.o(i.UARTSpaceAvail)
    i.UARTStringPut                          0x000014fc   Section        0  exp3-1.o(i.UARTStringPut)
    i.UARTStringPutNonBlocking               0x00001518   Section        0  exp3-1.o(i.UARTStringPutNonBlocking)
    i._GPIOIntNumberGet                      0x0000153c   Section        0  gpio.o(i._GPIOIntNumberGet)
    _GPIOIntNumberGet                        0x0000153d   Thumb Code    62  gpio.o(i._GPIOIntNumberGet)
    i.__ARM_fpclassify                       0x0000158c   Section        0  fpclassify.o(i.__ARM_fpclassify)
    i.__hardfp_pow                           0x000015c0   Section        0  pow.o(i.__hardfp_pow)
    i.__kernel_poly                          0x00002210   Section        0  poly.o(i.__kernel_poly)
    i.__mathlib_dbl_divzero                  0x00002308   Section        0  dunder.o(i.__mathlib_dbl_divzero)
    i.__mathlib_dbl_infnan2                  0x00002338   Section        0  dunder.o(i.__mathlib_dbl_infnan2)
    i.__mathlib_dbl_invalid                  0x00002350   Section        0  dunder.o(i.__mathlib_dbl_invalid)
    i.__mathlib_dbl_overflow                 0x00002370   Section        0  dunder.o(i.__mathlib_dbl_overflow)
    i.__mathlib_dbl_underflow                0x00002390   Section        0  dunder.o(i.__mathlib_dbl_underflow)
    i.alarm_1                                0x000023b0   Section        0  exp3-1.o(i.alarm_1)
    i.alarm_2                                0x000025a8   Section        0  exp3-1.o(i.alarm_2)
    i.alarm_check                            0x000027a0   Section        0  exp3-1.o(i.alarm_check)
    i.blink                                  0x00002864   Section        0  exp3-1.o(i.blink)
    i.clock_carrying                         0x000028b8   Section        0  exp3-1.o(i.clock_carrying)
    i.clock_display                          0x00002920   Section        0  exp3-1.o(i.clock_display)
    i.date_carrying                          0x00002b54   Section        0  exp3-1.o(i.date_carrying)
    i.date_display                           0x00002c28   Section        0  exp3-1.o(i.date_display)
    i.fabs                                   0x00002e7c   Section        0  fabs.o(i.fabs)
    i.is_leap_year                           0x00002e94   Section        0  exp3-1.o(i.is_leap_year)
    i.main                                   0x00002ec0   Section        0  exp3-1.o(i.main)
    i.reboot                                 0x0000305c   Section        0  exp3-1.o(i.reboot)
    i.shut_down_tubes                        0x000030d0   Section        0  exp3-1.o(i.shut_down_tubes)
    i.solarterm_display                      0x000030e8   Section        0  exp3-1.o(i.solarterm_display)
    i.sqrt                                   0x00004574   Section        0  sqrt.o(i.sqrt)
    i.timer_count_down                       0x000045e4   Section        0  exp3-1.o(i.timer_count_down)
    i.timer_display                          0x00004658   Section        0  exp3-1.o(i.timer_display)
    i.uart_set_check                         0x00004874   Section        0  exp3-1.o(i.uart_set_check)
    x$fpl$basic                              0x00004c54   Section       24  basic.o(x$fpl$basic)
    $v0                                      0x00004c54   Number         0  basic.o(x$fpl$basic)
    x$fpl$dadd                               0x00004c6c   Section      336  daddsub_clz.o(x$fpl$dadd)
    $v0                                      0x00004c6c   Number         0  daddsub_clz.o(x$fpl$dadd)
    _dadd1                                   0x00004c7d   Thumb Code     0  daddsub_clz.o(x$fpl$dadd)
    x$fpl$dcheck1                            0x00004dbc   Section       16  dcheck1.o(x$fpl$dcheck1)
    $v0                                      0x00004dbc   Number         0  dcheck1.o(x$fpl$dcheck1)
    x$fpl$dcmpinf                            0x00004dcc   Section       24  dcmpi.o(x$fpl$dcmpinf)
    $v0                                      0x00004dcc   Number         0  dcmpi.o(x$fpl$dcmpinf)
    x$fpl$ddiv                               0x00004de4   Section      688  ddiv.o(x$fpl$ddiv)
    $v0                                      0x00004de4   Number         0  ddiv.o(x$fpl$ddiv)
    ddiv_entry                               0x00004deb   Thumb Code     0  ddiv.o(x$fpl$ddiv)
    x$fpl$dfixu                              0x00005094   Section       90  dfixu.o(x$fpl$dfixu)
    $v0                                      0x00005094   Number         0  dfixu.o(x$fpl$dfixu)
    x$fpl$dflt                               0x000050ee   Section       46  dflt_clz.o(x$fpl$dflt)
    $v0                                      0x000050ee   Number         0  dflt_clz.o(x$fpl$dflt)
    x$fpl$dfltu                              0x0000511c   Section       38  dflt_clz.o(x$fpl$dfltu)
    $v0                                      0x0000511c   Number         0  dflt_clz.o(x$fpl$dfltu)
    x$fpl$dleqf                              0x00005144   Section      120  dleqf.o(x$fpl$dleqf)
    $v0                                      0x00005144   Number         0  dleqf.o(x$fpl$dleqf)
    x$fpl$dmul                               0x000051bc   Section      340  dmul.o(x$fpl$dmul)
    $v0                                      0x000051bc   Number         0  dmul.o(x$fpl$dmul)
    x$fpl$dnaninf                            0x00005310   Section      156  dnaninf.o(x$fpl$dnaninf)
    $v0                                      0x00005310   Number         0  dnaninf.o(x$fpl$dnaninf)
    x$fpl$dretinf                            0x000053ac   Section       12  dretinf.o(x$fpl$dretinf)
    $v0                                      0x000053ac   Number         0  dretinf.o(x$fpl$dretinf)
    x$fpl$drleqf                             0x000053b8   Section      108  drleqf.o(x$fpl$drleqf)
    $v0                                      0x000053b8   Number         0  drleqf.o(x$fpl$drleqf)
    x$fpl$drsb                               0x00005424   Section       22  daddsub_clz.o(x$fpl$drsb)
    $v0                                      0x00005424   Number         0  daddsub_clz.o(x$fpl$drsb)
    x$fpl$dsqrt                              0x0000543c   Section      408  dsqrt_umaal.o(x$fpl$dsqrt)
    $v0                                      0x0000543c   Number         0  dsqrt_umaal.o(x$fpl$dsqrt)
    x$fpl$dsub                               0x000055d4   Section      468  daddsub_clz.o(x$fpl$dsub)
    $v0                                      0x000055d4   Number         0  daddsub_clz.o(x$fpl$dsub)
    _dsub1                                   0x000055e5   Thumb Code     0  daddsub_clz.o(x$fpl$dsub)
    x$fpl$fpinit                             0x000057a8   Section       10  fpinit.o(x$fpl$fpinit)
    $v0                                      0x000057a8   Number         0  fpinit.o(x$fpl$fpinit)
    x$fpl$retnan                             0x000057b2   Section      100  retnan.o(x$fpl$retnan)
    $v0                                      0x000057b2   Number         0  retnan.o(x$fpl$retnan)
    x$fpl$scalbn                             0x00005816   Section       92  scalbn.o(x$fpl$scalbn)
    $v0                                      0x00005816   Number         0  scalbn.o(x$fpl$scalbn)
    x$fpl$trapveneer                         0x00005872   Section       48  trapv.o(x$fpl$trapveneer)
    $v0                                      0x00005872   Number         0  trapv.o(x$fpl$trapveneer)
    x$fpl$usenofp                            0x000058a2   Section        0  usenofp.o(x$fpl$usenofp)
    .constdata                               0x000058a4   Section      552  gpio.o(.constdata)
    g_ppui32GPIOIntMapBlizzard               0x000058a4   Data         192  gpio.o(.constdata)
    g_ppui32GPIOIntMapSnowflake              0x00005964   Data         216  gpio.o(.constdata)
    g_pui32GPIOBaseAddrs                     0x00005a3c   Data         144  gpio.o(.constdata)
    .constdata                               0x00005acc   Section      268  interrupt.o(.constdata)
    g_pui32Priority                          0x00005acc   Data          32  interrupt.o(.constdata)
    g_pui32Regs                              0x00005aec   Data         156  interrupt.o(.constdata)
    g_pui32EnRegs                            0x00005b88   Data          20  interrupt.o(.constdata)
    g_pui32Dii16Regs                         0x00005b9c   Data          20  interrupt.o(.constdata)
    g_pui32PendRegs                          0x00005bb0   Data          20  interrupt.o(.constdata)
    g_pui32UnpendRegs                        0x00005bc4   Data          20  interrupt.o(.constdata)
    .constdata                               0x00005bd8   Section      596  sysctl.o(.constdata)
    g_pui32VCOFrequencies                    0x00005bd8   Data           8  sysctl.o(.constdata)
    g_pui32Xtals                             0x00005be0   Data         108  sysctl.o(.constdata)
    g_pppui32XTALtoVCO                       0x00005c4c   Data         432  sysctl.o(.constdata)
    g_sXTALtoMEMTIM                          0x00005dfc   Data          48  sysctl.o(.constdata)
    .constdata                               0x00005e30   Section      136  pow.o(.constdata)
    bp                                       0x00005e30   Data          16  pow.o(.constdata)
    dp_h                                     0x00005e40   Data          16  pow.o(.constdata)
    dp_l                                     0x00005e50   Data          16  pow.o(.constdata)
    L                                        0x00005e60   Data          48  pow.o(.constdata)
    P                                        0x00005e90   Data          40  pow.o(.constdata)
    .constdata                               0x00005eb8   Section        8  qnan.o(.constdata)
    .data                                    0x20000000   Section      548  exp3-1.o(.data)
    .data                                    0x20000224   Section        4  system_tm4c129.o(.data)
    vtable                                   0x20000400   Section      620  interrupt.o(vtable)
    g_pfnRAMVectors                          0x20000400   Data         620  interrupt.o(vtable)
    .bss                                     0x2000066c   Section       96  libspace.o(.bss)
    HEAP                                     0x200006d0   Section        0  startup_tm4c129.o(HEAP)
    STACK                                    0x200006d0   Section      512  startup_tm4c129.o(STACK)
    Heap_Mem                                 0x200006d0   Data           0  startup_tm4c129.o(HEAP)
    Stack_Mem                                0x200006d0   Data         512  startup_tm4c129.o(STACK)
    __initial_sp                             0x200008d0   Data           0  startup_tm4c129.o(STACK)

    Global Symbols

    Symbol Name                              Value     Ov Type        Size  Object(Section)

    BuildAttributes$$THM_ISAv4$E$P$D$K$B$S$7EM$VFPi3$EXTD16$VFPS$VFMA$PE$A:L22UL41UL21$X:L11$S22US41US21$IEEE1$IW$USESV6$~STKCKD$USESV7$~SHL$OTIME$ROPI$IEEEX$EBA8$UX$STANDARDLIB$REQ8$PRES8$EABIv2 0x00000000   Number         0  anon$$obj.o ABSOLUTE
    __ARM_use_no_argv                        0x00000000   Number         0  exp3-1.o ABSOLUTE
    __Vectors                                0x00000000   Data           4  startup_tm4c129.o(RESET)
    __ARM_exceptions_init                     - Undefined Weak Reference
    __alloca_initialize                       - Undefined Weak Reference
    __arm_preinit_                            - Undefined Weak Reference
    __cpp_initialize__aeabi_                  - Undefined Weak Reference
    __cxa_finalize                            - Undefined Weak Reference
    __rt_locale                               - Undefined Weak Reference
    __sigvec_lookup                           - Undefined Weak Reference
    _atexit_init                              - Undefined Weak Reference
    _call_atexit_fns                          - Undefined Weak Reference
    _clock_init                               - Undefined Weak Reference
    _fp_trap_init                             - Undefined Weak Reference
    _fp_trap_shutdown                         - Undefined Weak Reference
    _get_lc_collate                           - Undefined Weak Reference
    _get_lc_ctype                             - Undefined Weak Reference
    _get_lc_monetary                          - Undefined Weak Reference
    _get_lc_numeric                           - Undefined Weak Reference
    _get_lc_time                              - Undefined Weak Reference
    _getenv_init                              - Undefined Weak Reference
    _handle_redirection                       - Undefined Weak Reference
    _init_alloc                               - Undefined Weak Reference
    _init_user_alloc                          - Undefined Weak Reference
    _initio                                   - Undefined Weak Reference
    _rand_init                                - Undefined Weak Reference
    _signal_finish                            - Undefined Weak Reference
    _signal_init                              - Undefined Weak Reference
    _terminate_alloc                          - Undefined Weak Reference
    _terminate_user_alloc                     - Undefined Weak Reference
    _terminateio                              - Undefined Weak Reference
    __Vectors_End                            0x00000200   Data           0  startup_tm4c129.o(RESET)
    __Vectors_Size                           0x00000200   Number         0  startup_tm4c129.o ABSOLUTE
    __main                                   0x00000201   Thumb Code     8  __main.o(!!!main)
    __scatterload                            0x00000209   Thumb Code     0  __scatter.o(!!!scatter)
    __scatterload_rt2                        0x00000209   Thumb Code    44  __scatter.o(!!!scatter)
    __scatterload_rt2_thumb_only             0x00000209   Thumb Code     0  __scatter.o(!!!scatter)
    __scatterload_null                       0x00000217   Thumb Code     0  __scatter.o(!!!scatter)
    __decompress                             0x0000023d   Thumb Code    90  __dczerorl2.o(!!dczerorl2)
    __decompress1                            0x0000023d   Thumb Code     0  __dczerorl2.o(!!dczerorl2)
    __scatterload_zeroinit                   0x00000299   Thumb Code    28  __scatter_zi.o(!!handler_zi)
    __rt_lib_init                            0x000002b5   Thumb Code     0  libinit.o(.ARM.Collect$$libinit$$00000000)
    __rt_lib_init_fp_1                       0x000002b7   Thumb Code     0  libinit2.o(.ARM.Collect$$libinit$$00000001)
    __rt_lib_init_alloca_1                   0x000002bb   Thumb Code     0  libinit2.o(.ARM.Collect$$libinit$$0000002E)
    __rt_lib_init_argv_1                     0x000002bb   Thumb Code     0  libinit2.o(.ARM.Collect$$libinit$$0000002C)
    __rt_lib_init_atexit_1                   0x000002bb   Thumb Code     0  libinit2.o(.ARM.Collect$$libinit$$0000001B)
    __rt_lib_init_clock_1                    0x000002bb   Thumb Code     0  libinit2.o(.ARM.Collect$$libinit$$00000021)
    __rt_lib_init_cpp_1                      0x000002bb   Thumb Code     0  libinit2.o(.ARM.Collect$$libinit$$00000032)
    __rt_lib_init_exceptions_1               0x000002bb   Thumb Code     0  libinit2.o(.ARM.Collect$$libinit$$00000030)
    __rt_lib_init_fp_trap_1                  0x000002bb   Thumb Code     0  libinit2.o(.ARM.Collect$$libinit$$0000001F)
    __rt_lib_init_getenv_1                   0x000002bb   Thumb Code     0  libinit2.o(.ARM.Collect$$libinit$$00000023)
    __rt_lib_init_heap_1                     0x000002bb   Thumb Code     0  libinit2.o(.ARM.Collect$$libinit$$0000000A)
    __rt_lib_init_lc_collate_1               0x000002bb   Thumb Code     0  libinit2.o(.ARM.Collect$$libinit$$00000011)
    __rt_lib_init_lc_ctype_1                 0x000002bb   Thumb Code     0  libinit2.o(.ARM.Collect$$libinit$$00000013)
    __rt_lib_init_lc_monetary_1              0x000002bb   Thumb Code     0  libinit2.o(.ARM.Collect$$libinit$$00000015)
    __rt_lib_init_lc_numeric_1               0x000002bb   Thumb Code     0  libinit2.o(.ARM.Collect$$libinit$$00000017)
    __rt_lib_init_lc_time_1                  0x000002bb   Thumb Code     0  libinit2.o(.ARM.Collect$$libinit$$00000019)
    __rt_lib_init_preinit_1                  0x000002bb   Thumb Code     0  libinit2.o(.ARM.Collect$$libinit$$00000004)
    __rt_lib_init_rand_1                     0x000002bb   Thumb Code     0  libinit2.o(.ARM.Collect$$libinit$$0000000E)
    __rt_lib_init_return                     0x000002bb   Thumb Code     0  libinit2.o(.ARM.Collect$$libinit$$00000033)
    __rt_lib_init_signal_1                   0x000002bb   Thumb Code     0  libinit2.o(.ARM.Collect$$libinit$$0000001D)
    __rt_lib_init_stdio_1                    0x000002bb   Thumb Code     0  libinit2.o(.ARM.Collect$$libinit$$00000025)
    __rt_lib_init_user_alloc_1               0x000002bb   Thumb Code     0  libinit2.o(.ARM.Collect$$libinit$$0000000C)
    __rt_lib_shutdown                        0x000002bd   Thumb Code     0  libshutdown.o(.ARM.Collect$$libshutdown$$00000000)
    __rt_lib_shutdown_cpp_1                  0x000002bf   Thumb Code     0  libshutdown2.o(.ARM.Collect$$libshutdown$$00000002)
    __rt_lib_shutdown_fp_trap_1              0x000002bf   Thumb Code     0  libshutdown2.o(.ARM.Collect$$libshutdown$$00000007)
    __rt_lib_shutdown_heap_1                 0x000002bf   Thumb Code     0  libshutdown2.o(.ARM.Collect$$libshutdown$$0000000F)
    __rt_lib_shutdown_return                 0x000002bf   Thumb Code     0  libshutdown2.o(.ARM.Collect$$libshutdown$$00000010)
    __rt_lib_shutdown_signal_1               0x000002bf   Thumb Code     0  libshutdown2.o(.ARM.Collect$$libshutdown$$0000000A)
    __rt_lib_shutdown_stdio_1                0x000002bf   Thumb Code     0  libshutdown2.o(.ARM.Collect$$libshutdown$$00000004)
    __rt_lib_shutdown_user_alloc_1           0x000002bf   Thumb Code     0  libshutdown2.o(.ARM.Collect$$libshutdown$$0000000C)
    __rt_entry                               0x000002c1   Thumb Code     0  __rtentry.o(.ARM.Collect$$rtentry$$00000000)
    __rt_entry_presh_1                       0x000002c1   Thumb Code     0  __rtentry2.o(.ARM.Collect$$rtentry$$00000002)
    __rt_entry_sh                            0x000002c1   Thumb Code     0  __rtentry4.o(.ARM.Collect$$rtentry$$00000004)
    __rt_entry_li                            0x000002c7   Thumb Code     0  __rtentry2.o(.ARM.Collect$$rtentry$$0000000A)
    __rt_entry_postsh_1                      0x000002c7   Thumb Code     0  __rtentry2.o(.ARM.Collect$$rtentry$$00000009)
    __rt_entry_main                          0x000002cb   Thumb Code     0  __rtentry2.o(.ARM.Collect$$rtentry$$0000000D)
    __rt_entry_postli_1                      0x000002cb   Thumb Code     0  __rtentry2.o(.ARM.Collect$$rtentry$$0000000C)
    __rt_exit                                0x000002d3   Thumb Code     0  rtexit.o(.ARM.Collect$$rtexit$$00000000)
    __rt_exit_ls                             0x000002d5   Thumb Code     0  rtexit2.o(.ARM.Collect$$rtexit$$00000003)
    __rt_exit_prels_1                        0x000002d5   Thumb Code     0  rtexit2.o(.ARM.Collect$$rtexit$$00000002)
    __rt_exit_exit                           0x000002d9   Thumb Code     0  rtexit2.o(.ARM.Collect$$rtexit$$00000004)
    SysCtlDelay                              0x000002e1   Thumb Code     6  sysctl.o(.emb_text)
    CPUcpsid                                 0x000002e9   Thumb Code     8  cpu.o(.emb_text)
    CPUprimask                               0x000002f1   Thumb Code     6  cpu.o(.emb_text)
    CPUcpsie                                 0x000002f7   Thumb Code     8  cpu.o(.emb_text)
    CPUwfi                                   0x000002ff   Thumb Code     4  cpu.o(.emb_text)
    CPUbasepriSet                            0x00000303   Thumb Code     6  cpu.o(.emb_text)
    CPUbasepriGet                            0x00000309   Thumb Code     6  cpu.o(.emb_text)
    Reset_Handler                            0x00000311   Thumb Code     8  startup_tm4c129.o(.text)
    NMI_Handler                              0x00000319   Thumb Code     2  startup_tm4c129.o(.text)
    HardFault_Handler                        0x0000031b   Thumb Code     2  startup_tm4c129.o(.text)
    MemManage_Handler                        0x0000031d   Thumb Code     2  startup_tm4c129.o(.text)
    BusFault_Handler                         0x0000031f   Thumb Code     2  startup_tm4c129.o(.text)
    UsageFault_Handler                       0x00000321   Thumb Code     2  startup_tm4c129.o(.text)
    SVC_Handler                              0x00000323   Thumb Code     2  startup_tm4c129.o(.text)
    DebugMon_Handler                         0x00000325   Thumb Code     2  startup_tm4c129.o(.text)
    PendSV_Handler                           0x00000327   Thumb Code     2  startup_tm4c129.o(.text)
    GPIOA_Handler                            0x0000032b   Thumb Code     2  startup_tm4c129.o(.text)
    GPIOB_Handler                            0x0000032d   Thumb Code     2  startup_tm4c129.o(.text)
    GPIOC_Handler                            0x0000032f   Thumb Code     2  startup_tm4c129.o(.text)
    GPIOD_Handler                            0x00000331   Thumb Code     2  startup_tm4c129.o(.text)
    GPIOE_Handler                            0x00000333   Thumb Code     2  startup_tm4c129.o(.text)
    UART1_Handler                            0x00000337   Thumb Code     2  startup_tm4c129.o(.text)
    SSI0_Handler                             0x00000339   Thumb Code     2  startup_tm4c129.o(.text)
    I2C0_Handler                             0x0000033b   Thumb Code     2  startup_tm4c129.o(.text)
    PMW0_FAULT_Handler                       0x0000033d   Thumb Code     2  startup_tm4c129.o(.text)
    PWM0_0_Handler                           0x0000033f   Thumb Code     2  startup_tm4c129.o(.text)
    PWM0_1_Handler                           0x00000341   Thumb Code     2  startup_tm4c129.o(.text)
    PWM0_2_Handler                           0x00000343   Thumb Code     2  startup_tm4c129.o(.text)
    QEI0_Handler                             0x00000345   Thumb Code     2  startup_tm4c129.o(.text)
    ADC0SS0_Handler                          0x00000347   Thumb Code     2  startup_tm4c129.o(.text)
    ADC0SS1_Handler                          0x00000349   Thumb Code     2  startup_tm4c129.o(.text)
    ADC0SS2_Handler                          0x0000034b   Thumb Code     2  startup_tm4c129.o(.text)
    ADC0SS3_Handler                          0x0000034d   Thumb Code     2  startup_tm4c129.o(.text)
    WDT0_Handler                             0x0000034f   Thumb Code     2  startup_tm4c129.o(.text)
    TIMER0A_Handler                          0x00000351   Thumb Code     2  startup_tm4c129.o(.text)
    TIMER0B_Handler                          0x00000353   Thumb Code     2  startup_tm4c129.o(.text)
    TIMER1A_Handler                          0x00000355   Thumb Code     2  startup_tm4c129.o(.text)
    TIMER1B_Handler                          0x00000357   Thumb Code     2  startup_tm4c129.o(.text)
    TIMER2A_Handler                          0x00000359   Thumb Code     2  startup_tm4c129.o(.text)
    TIMER2B_Handler                          0x0000035b   Thumb Code     2  startup_tm4c129.o(.text)
    COMP0_Handler                            0x0000035d   Thumb Code     2  startup_tm4c129.o(.text)
    COMP1_Handler                            0x0000035f   Thumb Code     2  startup_tm4c129.o(.text)
    COMP2_Handler                            0x00000361   Thumb Code     2  startup_tm4c129.o(.text)
    SYSCTL_Handler                           0x00000363   Thumb Code     2  startup_tm4c129.o(.text)
    FLASH_Handler                            0x00000365   Thumb Code     2  startup_tm4c129.o(.text)
    GPIOF_Handler                            0x00000367   Thumb Code     2  startup_tm4c129.o(.text)
    GPIOG_Handler                            0x00000369   Thumb Code     2  startup_tm4c129.o(.text)
    GPIOH_Handler                            0x0000036b   Thumb Code     2  startup_tm4c129.o(.text)
    UART2_Handler                            0x0000036d   Thumb Code     2  startup_tm4c129.o(.text)
    SSI1_Handler                             0x0000036f   Thumb Code     2  startup_tm4c129.o(.text)
    TIMER3A_Handler                          0x00000371   Thumb Code     2  startup_tm4c129.o(.text)
    TIMER3B_Handler                          0x00000373   Thumb Code     2  startup_tm4c129.o(.text)
    I2C1_Handler                             0x00000375   Thumb Code     2  startup_tm4c129.o(.text)
    CAN0_Handler                             0x00000377   Thumb Code     2  startup_tm4c129.o(.text)
    CAN1_Handler                             0x00000379   Thumb Code     2  startup_tm4c129.o(.text)
    ETH_Handler                              0x0000037b   Thumb Code     2  startup_tm4c129.o(.text)
    HIB_Handler                              0x0000037d   Thumb Code     2  startup_tm4c129.o(.text)
    USB0_Handler                             0x0000037f   Thumb Code     2  startup_tm4c129.o(.text)
    PWM0_3_Handler                           0x00000381   Thumb Code     2  startup_tm4c129.o(.text)
    UDMA_Handler                             0x00000383   Thumb Code     2  startup_tm4c129.o(.text)
    UDMAERR_Handler                          0x00000385   Thumb Code     2  startup_tm4c129.o(.text)
    ADC1SS0_Handler                          0x00000387   Thumb Code     2  startup_tm4c129.o(.text)
    ADC1SS1_Handler                          0x00000389   Thumb Code     2  startup_tm4c129.o(.text)
    ADC1SS2_Handler                          0x0000038b   Thumb Code     2  startup_tm4c129.o(.text)
    ADC1SS3_Handler                          0x0000038d   Thumb Code     2  startup_tm4c129.o(.text)
    EBI0_Handler                             0x0000038f   Thumb Code     2  startup_tm4c129.o(.text)
    GPIOK_Handler                            0x00000393   Thumb Code     2  startup_tm4c129.o(.text)
    GPIOL_Handler                            0x00000395   Thumb Code     2  startup_tm4c129.o(.text)
    SSI2_Handler                             0x00000397   Thumb Code     2  startup_tm4c129.o(.text)
    SSI3_Handler                             0x00000399   Thumb Code     2  startup_tm4c129.o(.text)
    UART3_Handler                            0x0000039b   Thumb Code     2  startup_tm4c129.o(.text)
    UART4_Handler                            0x0000039d   Thumb Code     2  startup_tm4c129.o(.text)
    UART5_Handler                            0x0000039f   Thumb Code     2  startup_tm4c129.o(.text)
    UART6_Handler                            0x000003a1   Thumb Code     2  startup_tm4c129.o(.text)
    UART7_Handler                            0x000003a3   Thumb Code     2  startup_tm4c129.o(.text)
    I2C2_Handler                             0x000003a5   Thumb Code     2  startup_tm4c129.o(.text)
    I2C3_Handler                             0x000003a7   Thumb Code     2  startup_tm4c129.o(.text)
    TIMER4A_Handler                          0x000003a9   Thumb Code     2  startup_tm4c129.o(.text)
    TIMER4B_Handler                          0x000003ab   Thumb Code     2  startup_tm4c129.o(.text)
    TIMER5A_Handler                          0x000003ad   Thumb Code     2  startup_tm4c129.o(.text)
    TIMER5B_Handler                          0x000003af   Thumb Code     2  startup_tm4c129.o(.text)
    WTIMER0A_Handler                         0x000003b1   Thumb Code     2  startup_tm4c129.o(.text)
    WTIMER0B_Handler                         0x000003b3   Thumb Code     2  startup_tm4c129.o(.text)
    WTIMER1A_Handler                         0x000003b5   Thumb Code     2  startup_tm4c129.o(.text)
    WTIMER1B_Handler                         0x000003b7   Thumb Code     2  startup_tm4c129.o(.text)
    WTIMER2A_Handler                         0x000003b9   Thumb Code     2  startup_tm4c129.o(.text)
    WTIMER2B_Handler                         0x000003bb   Thumb Code     2  startup_tm4c129.o(.text)
    WTIMER3A_Handler                         0x000003bd   Thumb Code     2  startup_tm4c129.o(.text)
    WTIMER3B_Handler                         0x000003bf   Thumb Code     2  startup_tm4c129.o(.text)
    WTIMER4A_Handler                         0x000003c1   Thumb Code     2  startup_tm4c129.o(.text)
    WTIMER4B_Handler                         0x000003c3   Thumb Code     2  startup_tm4c129.o(.text)
    WTIMER5A_Handler                         0x000003c5   Thumb Code     2  startup_tm4c129.o(.text)
    WTIMER5B_Handler                         0x000003c7   Thumb Code     2  startup_tm4c129.o(.text)
    FPU_Handler                              0x000003c9   Thumb Code     2  startup_tm4c129.o(.text)
    I2C4_Handler                             0x000003cb   Thumb Code     2  startup_tm4c129.o(.text)
    I2C5_Handler                             0x000003cd   Thumb Code     2  startup_tm4c129.o(.text)
    GPIOM_Handler                            0x000003cf   Thumb Code     2  startup_tm4c129.o(.text)
    GPION_Handler                            0x000003d1   Thumb Code     2  startup_tm4c129.o(.text)
    TAMPER_Handler                           0x000003d3   Thumb Code     2  startup_tm4c129.o(.text)
    GPIOP0_Handler                           0x000003d5   Thumb Code     2  startup_tm4c129.o(.text)
    GPIOP1_Handler                           0x000003d7   Thumb Code     2  startup_tm4c129.o(.text)
    GPIOP2_Handler                           0x000003d9   Thumb Code     2  startup_tm4c129.o(.text)
    GPIOP3_Handler                           0x000003db   Thumb Code     2  startup_tm4c129.o(.text)
    GPIOP4_Handler                           0x000003dd   Thumb Code     2  startup_tm4c129.o(.text)
    GPIOP5_Handler                           0x000003df   Thumb Code     2  startup_tm4c129.o(.text)
    GPIOP6_Handler                           0x000003e1   Thumb Code     2  startup_tm4c129.o(.text)
    GPIOP7_Handler                           0x000003e3   Thumb Code     2  startup_tm4c129.o(.text)
    GPIOQ0_Handler                           0x000003e5   Thumb Code     2  startup_tm4c129.o(.text)
    GPIOQ1_Handler                           0x000003e7   Thumb Code     2  startup_tm4c129.o(.text)
    GPIOQ2_Handler                           0x000003e9   Thumb Code     2  startup_tm4c129.o(.text)
    GPIOQ3_Handler                           0x000003eb   Thumb Code     2  startup_tm4c129.o(.text)
    GPIOQ4_Handler                           0x000003ed   Thumb Code     2  startup_tm4c129.o(.text)
    GPIOQ5_Handler                           0x000003ef   Thumb Code     2  startup_tm4c129.o(.text)
    GPIOQ6_Handler                           0x000003f1   Thumb Code     2  startup_tm4c129.o(.text)
    GPIOQ7_Handler                           0x000003f3   Thumb Code     2  startup_tm4c129.o(.text)
    GPIOR_Handler                            0x000003f5   Thumb Code     2  startup_tm4c129.o(.text)
    GPIOS_Handler                            0x000003f7   Thumb Code     2  startup_tm4c129.o(.text)
    SHAMD5_Handler                           0x000003f9   Thumb Code     2  startup_tm4c129.o(.text)
    AES_Handler                              0x000003fb   Thumb Code     2  startup_tm4c129.o(.text)
    DES3DES_Handler                          0x000003fd   Thumb Code     2  startup_tm4c129.o(.text)
    LCDCONTROLLER_Handler                    0x000003ff   Thumb Code     2  startup_tm4c129.o(.text)
    TIMER6A_Handler                          0x00000401   Thumb Code     2  startup_tm4c129.o(.text)
    TIMER6B_Handler                          0x00000403   Thumb Code     2  startup_tm4c129.o(.text)
    TIMER7A_Handler                          0x00000405   Thumb Code     2  startup_tm4c129.o(.text)
    TIMER7B_Handler                          0x00000407   Thumb Code     2  startup_tm4c129.o(.text)
    I2C6_Handler                             0x00000409   Thumb Code     2  startup_tm4c129.o(.text)
    I2C7_Handler                             0x0000040b   Thumb Code     2  startup_tm4c129.o(.text)
    HIMSCANKEYBOARD_Handler                  0x0000040d   Thumb Code     2  startup_tm4c129.o(.text)
    ONEWIRE_Handler                          0x0000040f   Thumb Code     2  startup_tm4c129.o(.text)
    HIMPS2_Handler                           0x00000411   Thumb Code     2  startup_tm4c129.o(.text)
    HIMLEDSEQUENCER_Handler                  0x00000413   Thumb Code     2  startup_tm4c129.o(.text)
    HIMCONSUMERIR_Handler                    0x00000415   Thumb Code     2  startup_tm4c129.o(.text)
    I2C8_Handler                             0x00000417   Thumb Code     2  startup_tm4c129.o(.text)
    I2C9_Handler                             0x00000419   Thumb Code     2  startup_tm4c129.o(.text)
    GPIOT_Handler                            0x0000041b   Thumb Code     2  startup_tm4c129.o(.text)
    __user_initial_stackheap                 0x0000041d   Thumb Code     0  startup_tm4c129.o(.text)
    strncmp                                  0x0000043d   Thumb Code   150  strncmp.o(.text)
    __use_two_region_memory                  0x000004d3   Thumb Code     2  heapauxi.o(.text)
    __rt_heap_escrow$2region                 0x000004d5   Thumb Code     2  heapauxi.o(.text)
    __rt_heap_expand$2region                 0x000004d7   Thumb Code     2  heapauxi.o(.text)
    __read_errno                             0x000004d9   Thumb Code    10  _rserrno.o(.text)
    __set_errno                              0x000004e3   Thumb Code    12  _rserrno.o(.text)
    __aeabi_errno_addr                       0x000004f1   Thumb Code     8  rt_errno_addr_intlibspace.o(.text)
    __errno$intlibspace                      0x000004f1   Thumb Code     0  rt_errno_addr_intlibspace.o(.text)
    __rt_errno_addr$intlibspace              0x000004f1   Thumb Code     0  rt_errno_addr_intlibspace.o(.text)
    __user_libspace                          0x000004f9   Thumb Code     8  libspace.o(.text)
    __user_perproc_libspace                  0x000004f9   Thumb Code     0  libspace.o(.text)
    __user_perthread_libspace                0x000004f9   Thumb Code     0  libspace.o(.text)
    __user_setup_stackheap                   0x00000501   Thumb Code    74  sys_stackheap_outer.o(.text)
    exit                                     0x0000054b   Thumb Code    18  exit.o(.text)
    _sys_exit                                0x0000055d   Thumb Code     8  sys_exit.o(.text)
    __I$use$semihosting                      0x00000569   Thumb Code     0  use_no_semi.o(.text)
    __use_no_semihosting_swi                 0x00000569   Thumb Code     2  use_no_semi.o(.text)
    Delay                                    0x0000056b   Thumb Code    12  exp3-1.o(i.Delay)
    __semihosting_library_function           0x0000056b   Thumb Code     0  indicate_semi.o(.text)
    Display_8tubes                           0x00000579   Thumb Code    36  exp3-1.o(i.Display_8tubes)
    GPIODirModeSet                           0x000005a1   Thumb Code    40  gpio.o(i.GPIODirModeSet)
    GPIOIntClear                             0x000005c9   Thumb Code     6  gpio.o(i.GPIOIntClear)
    GPIOIntEnable                            0x000005cf   Thumb Code    12  gpio.o(i.GPIOIntEnable)
    GPIOIntRegister                          0x000005db   Thumb Code    26  gpio.o(i.GPIOIntRegister)
    GPIOIntStatus                            0x000005f5   Thumb Code    14  gpio.o(i.GPIOIntStatus)
    GPIOIntTypeSet                           0x00000603   Thumb Code    80  gpio.o(i.GPIOIntTypeSet)
    GPIOJ_Handler                            0x00000655   Thumb Code   164  exp3-1.o(i.GPIOJ_Handler)
    GPIOPadConfigSet                         0x00000711   Thumb Code   312  gpio.o(i.GPIOPadConfigSet)
    GPIOPinConfigure                         0x00000849   Thumb Code    60  gpio.o(i.GPIOPinConfigure)
    GPIOPinRead                              0x0000088d   Thumb Code     6  gpio.o(i.GPIOPinRead)
    GPIOPinTypeGPIOInput                     0x00000893   Thumb Code    28  gpio.o(i.GPIOPinTypeGPIOInput)
    GPIOPinTypeGPIOOutput                    0x000008af   Thumb Code    28  gpio.o(i.GPIOPinTypeGPIOOutput)
    GPIOPinTypeI2C                           0x000008cb   Thumb Code    28  gpio.o(i.GPIOPinTypeI2C)
    GPIOPinTypeI2CSCL                        0x000008e7   Thumb Code    28  gpio.o(i.GPIOPinTypeI2CSCL)
    GPIOPinTypeUART                          0x00000903   Thumb Code    28  gpio.o(i.GPIOPinTypeUART)
    GPIOPinWrite                             0x0000091f   Thumb Code     6  gpio.o(i.GPIOPinWrite)
    I2C0_ReadByte                            0x00000925   Thumb Code   122  exp3-1.o(i.I2C0_ReadByte)
    I2C0_WriteByte                           0x000009a5   Thumb Code   110  exp3-1.o(i.I2C0_WriteByte)
    I2CMasterBusBusy                         0x00000a19   Thumb Code    12  i2c.o(i.I2CMasterBusBusy)
    I2CMasterBusy                            0x00000a25   Thumb Code    12  i2c.o(i.I2CMasterBusy)
    I2CMasterControl                         0x00000a31   Thumb Code     4  i2c.o(i.I2CMasterControl)
    I2CMasterDataGet                         0x00000a35   Thumb Code     4  i2c.o(i.I2CMasterDataGet)
    I2CMasterDataPut                         0x00000a39   Thumb Code     4  i2c.o(i.I2CMasterDataPut)
    I2CMasterEnable                          0x00000a3d   Thumb Code    10  i2c.o(i.I2CMasterEnable)
    I2CMasterErr                             0x00000a47   Thumb Code    24  i2c.o(i.I2CMasterErr)
    I2CMasterInitExpClk                      0x00000a61   Thumb Code    72  i2c.o(i.I2CMasterInitExpClk)
    I2CMasterSlaveAddrSet                    0x00000ab5   Thumb Code     8  i2c.o(i.I2CMasterSlaveAddrSet)
    Initial_Sequence                         0x00000abd   Thumb Code   230  exp3-1.o(i.Initial_Sequence)
    IntEnable                                0x00000bb1   Thumb Code    92  interrupt.o(i.IntEnable)
    IntMasterEnable                          0x00000c15   Thumb Code    14  interrupt.o(i.IntMasterEnable)
    IntPrioritySet                           0x00000c25   Thumb Code    36  interrupt.o(i.IntPrioritySet)
    IntRegister                              0x00000c4d   Thumb Code    44  interrupt.o(i.IntRegister)
    S800_GPIO_Init                           0x00000c81   Thumb Code   140  exp3-1.o(i.S800_GPIO_Init)
    S800_I2C0_Init                           0x00000d21   Thumb Code   132  exp3-1.o(i.S800_I2C0_Init)
    S800_INT_Init                            0x00000dc1   Thumb Code    70  exp3-1.o(i.S800_INT_Init)
    S800_UART_Init                           0x00000e15   Thumb Code    74  exp3-1.o(i.S800_UART_Init)
    SysCtlClockFreqSet                       0x00000e7d   Thumb Code   706  sysctl.o(i.SysCtlClockFreqSet)
    SysCtlPeripheralEnable                   0x00001169   Thumb Code    36  sysctl.o(i.SysCtlPeripheralEnable)
    SysCtlPeripheralReady                    0x00001191   Thumb Code    40  sysctl.o(i.SysCtlPeripheralReady)
    SysTickEnable                            0x000011bd   Thumb Code    14  systick.o(i.SysTickEnable)
    SysTickIntEnable                         0x000011cb   Thumb Code    14  systick.o(i.SysTickIntEnable)
    SysTickPeriodSet                         0x000011d9   Thumb Code    10  systick.o(i.SysTickPeriodSet)
    SysTick_Handler                          0x000011e5   Thumb Code   350  exp3-1.o(i.SysTick_Handler)
    SystemInit                               0x000013bd   Thumb Code    20  system_tm4c129.o(i.SystemInit)
    UART0_Handler                            0x000013dd   Thumb Code    76  exp3-1.o(i.UART0_Handler)
    UARTCharGetNonBlocking                   0x00001439   Thumb Code    16  uart.o(i.UARTCharGetNonBlocking)
    UARTCharPut                              0x00001449   Thumb Code    12  uart.o(i.UARTCharPut)
    UARTCharPutNonBlocking                   0x00001455   Thumb Code    16  uart.o(i.UARTCharPutNonBlocking)
    UARTCharsAvail                           0x00001465   Thumb Code    10  uart.o(i.UARTCharsAvail)
    UARTConfigSetExpClk                      0x0000146f   Thumb Code   110  uart.o(i.UARTConfigSetExpClk)
    UARTIntClear                             0x000014dd   Thumb Code     4  uart.o(i.UARTIntClear)
    UARTIntEnable                            0x000014e1   Thumb Code     8  uart.o(i.UARTIntEnable)
    UARTIntStatus                            0x000014e9   Thumb Code    10  uart.o(i.UARTIntStatus)
    UARTSpaceAvail                           0x000014f3   Thumb Code    10  uart.o(i.UARTSpaceAvail)
    UARTStringPut                            0x000014fd   Thumb Code    24  exp3-1.o(i.UARTStringPut)
    UARTStringPutNonBlocking                 0x00001519   Thumb Code    32  exp3-1.o(i.UARTStringPutNonBlocking)
    __ARM_fpclassify                         0x0000158d   Thumb Code    48  fpclassify.o(i.__ARM_fpclassify)
    __hardfp_pow                             0x000015c1   Thumb Code  3072  pow.o(i.__hardfp_pow)
    __kernel_poly                            0x00002211   Thumb Code   248  poly.o(i.__kernel_poly)
    __mathlib_dbl_divzero                    0x00002309   Thumb Code    28  dunder.o(i.__mathlib_dbl_divzero)
    __mathlib_dbl_infnan2                    0x00002339   Thumb Code    20  dunder.o(i.__mathlib_dbl_infnan2)
    __mathlib_dbl_invalid                    0x00002351   Thumb Code    24  dunder.o(i.__mathlib_dbl_invalid)
    __mathlib_dbl_overflow                   0x00002371   Thumb Code    24  dunder.o(i.__mathlib_dbl_overflow)
    __mathlib_dbl_underflow                  0x00002391   Thumb Code    24  dunder.o(i.__mathlib_dbl_underflow)
    alarm_1                                  0x000023b1   Thumb Code   462  exp3-1.o(i.alarm_1)
    alarm_2                                  0x000025a9   Thumb Code   462  exp3-1.o(i.alarm_2)
    alarm_check                              0x000027a1   Thumb Code   140  exp3-1.o(i.alarm_check)
    blink                                    0x00002865   Thumb Code    78  exp3-1.o(i.blink)
    clock_carrying                           0x000028b9   Thumb Code    86  exp3-1.o(i.clock_carrying)
    clock_display                            0x00002921   Thumb Code   530  exp3-1.o(i.clock_display)
    date_carrying                            0x00002b55   Thumb Code   186  exp3-1.o(i.date_carrying)
    date_display                             0x00002c29   Thumb Code   554  exp3-1.o(i.date_display)
    fabs                                     0x00002e7d   Thumb Code    24  fabs.o(i.fabs)
    is_leap_year                             0x00002e95   Thumb Code    44  exp3-1.o(i.is_leap_year)
    main                                     0x00002ec1   Thumb Code   356  exp3-1.o(i.main)
    reboot                                   0x0000305d   Thumb Code    74  exp3-1.o(i.reboot)
    shut_down_tubes                          0x000030d1   Thumb Code    24  exp3-1.o(i.shut_down_tubes)
    solarterm_display                        0x000030e9   Thumb Code  5256  exp3-1.o(i.solarterm_display)
    sqrt                                     0x00004575   Thumb Code   110  sqrt.o(i.sqrt)
    timer_count_down                         0x000045e5   Thumb Code    96  exp3-1.o(i.timer_count_down)
    timer_display                            0x00004659   Thumb Code   498  exp3-1.o(i.timer_display)
    uart_set_check                           0x00004875   Thumb Code   610  exp3-1.o(i.uart_set_check)
    __aeabi_dneg                             0x00004c55   Thumb Code     0  basic.o(x$fpl$basic)
    _dneg                                    0x00004c55   Thumb Code     6  basic.o(x$fpl$basic)
    __aeabi_fneg                             0x00004c5b   Thumb Code     0  basic.o(x$fpl$basic)
    _fneg                                    0x00004c5b   Thumb Code     6  basic.o(x$fpl$basic)
    _dabs                                    0x00004c61   Thumb Code     6  basic.o(x$fpl$basic)
    _fabs                                    0x00004c67   Thumb Code     6  basic.o(x$fpl$basic)
    __aeabi_dadd                             0x00004c6d   Thumb Code     0  daddsub_clz.o(x$fpl$dadd)
    _dadd                                    0x00004c6d   Thumb Code   332  daddsub_clz.o(x$fpl$dadd)
    __fpl_dcheck_NaN1                        0x00004dbd   Thumb Code    10  dcheck1.o(x$fpl$dcheck1)
    __fpl_dcmp_Inf                           0x00004dcd   Thumb Code    24  dcmpi.o(x$fpl$dcmpinf)
    __aeabi_ddiv                             0x00004de5   Thumb Code     0  ddiv.o(x$fpl$ddiv)
    _ddiv                                    0x00004de5   Thumb Code   552  ddiv.o(x$fpl$ddiv)
    __aeabi_d2uiz                            0x00005095   Thumb Code     0  dfixu.o(x$fpl$dfixu)
    _dfixu                                   0x00005095   Thumb Code    90  dfixu.o(x$fpl$dfixu)
    __aeabi_i2d                              0x000050ef   Thumb Code     0  dflt_clz.o(x$fpl$dflt)
    _dflt                                    0x000050ef   Thumb Code    46  dflt_clz.o(x$fpl$dflt)
    __aeabi_ui2d                             0x0000511d   Thumb Code     0  dflt_clz.o(x$fpl$dfltu)
    _dfltu                                   0x0000511d   Thumb Code    38  dflt_clz.o(x$fpl$dfltu)
    __aeabi_cdcmple                          0x00005145   Thumb Code     0  dleqf.o(x$fpl$dleqf)
    _dcmple                                  0x00005145   Thumb Code   120  dleqf.o(x$fpl$dleqf)
    __fpl_dcmple_InfNaN                      0x000051a7   Thumb Code     0  dleqf.o(x$fpl$dleqf)
    __aeabi_dmul                             0x000051bd   Thumb Code     0  dmul.o(x$fpl$dmul)
    _dmul                                    0x000051bd   Thumb Code   332  dmul.o(x$fpl$dmul)
    __fpl_dnaninf                            0x00005311   Thumb Code   156  dnaninf.o(x$fpl$dnaninf)
    __fpl_dretinf                            0x000053ad   Thumb Code    12  dretinf.o(x$fpl$dretinf)
    __aeabi_cdrcmple                         0x000053b9   Thumb Code     0  drleqf.o(x$fpl$drleqf)
    _drcmple                                 0x000053b9   Thumb Code   108  drleqf.o(x$fpl$drleqf)
    __aeabi_drsub                            0x00005425   Thumb Code     0  daddsub_clz.o(x$fpl$drsb)
    _drsb                                    0x00005425   Thumb Code    22  daddsub_clz.o(x$fpl$drsb)
    _dsqrt                                   0x0000543d   Thumb Code   404  dsqrt_umaal.o(x$fpl$dsqrt)
    __aeabi_dsub                             0x000055d5   Thumb Code     0  daddsub_clz.o(x$fpl$dsub)
    _dsub                                    0x000055d5   Thumb Code   464  daddsub_clz.o(x$fpl$dsub)
    _fp_init                                 0x000057a9   Thumb Code    10  fpinit.o(x$fpl$fpinit)
    __fplib_config_fpu_vfp                   0x000057b1   Thumb Code     0  fpinit.o(x$fpl$fpinit)
    __fplib_config_pureend_doubles           0x000057b1   Thumb Code     0  fpinit.o(x$fpl$fpinit)
    __fpl_return_NaN                         0x000057b3   Thumb Code   100  retnan.o(x$fpl$retnan)
    __ARM_scalbn                             0x00005817   Thumb Code    92  scalbn.o(x$fpl$scalbn)
    __fpl_cmpreturn                          0x00005873   Thumb Code    48  trapv.o(x$fpl$trapveneer)
    __I$use$fp                               0x000058a2   Number         0  usenofp.o(x$fpl$usenofp)
    __mathlib_zero                           0x00005eb8   Data           8  qnan.o(.constdata)
    Region$$Table$$Base                      0x00005ec0   Number         0  anon$$obj.o(Region$$Table)
    Region$$Table$$Limit                     0x00005ee0   Number         0  anon$$obj.o(Region$$Table)
    systick_10ms_couter                      0x20000000   Data           2  exp3-1.o(.data)
    systick_100ms_couter                     0x20000002   Data           2  exp3-1.o(.data)
    systick_1s_counter                       0x20000004   Data           2  exp3-1.o(.data)
    systick_1ms_counter                      0x20000006   Data           2  exp3-1.o(.data)
    systick_10ms_status                      0x20000008   Data           1  exp3-1.o(.data)
    systick_100ms_status                     0x20000009   Data           1  exp3-1.o(.data)
    systick_1s_status                        0x2000000a   Data           1  exp3-1.o(.data)
    systick_1ms_status                       0x2000000b   Data           1  exp3-1.o(.data)
    result                                   0x2000000c   Data           1  exp3-1.o(.data)
    cnt                                      0x2000000d   Data           1  exp3-1.o(.data)
    key_value                                0x2000000e   Data           1  exp3-1.o(.data)
    gpio_status                              0x2000000f   Data           1  exp3-1.o(.data)
    rightshift                               0x20000010   Data           1  exp3-1.o(.data)
    ui32SysClock                             0x20000014   Data           4  exp3-1.o(.data)
    seg7                                     0x20000018   Data          17  exp3-1.o(.data)
    disp_buff                                0x20000029   Data           8  exp3-1.o(.data)
    STATE                                    0x20000031   Data           1  exp3-1.o(.data)
    clock_set_flag                           0x20000032   Data           1  exp3-1.o(.data)
    timer_flag                               0x20000033   Data           1  exp3-1.o(.data)
    day_carrying_flag                        0x20000034   Data           1  exp3-1.o(.data)
    switch_byte                              0x20000035   Data           1  exp3-1.o(.data)
    tmp_switch_byte                          0x20000036   Data           1  exp3-1.o(.data)
    timer_counting                           0x20000037   Data           1  exp3-1.o(.data)
    alarm_1_flag                             0x20000038   Data           1  exp3-1.o(.data)
    alarm_2_flag                             0x20000039   Data           1  exp3-1.o(.data)
    uart_set_status                          0x2000003a   Data           1  exp3-1.o(.data)
    uart_error_flag                          0x2000003b   Data           1  exp3-1.o(.data)
    alarm_timer_flag                         0x2000003c   Data           1  exp3-1.o(.data)
    motor                                    0x2000003d   Data           1  exp3-1.o(.data)
    motor_control                            0x2000003e   Data           8  exp3-1.o(.data)
    motor_status                             0x20000046   Data           1  exp3-1.o(.data)
    days_in_month_non_leapyear               0x20000048   Data          48  exp3-1.o(.data)
    days_in_month_leapyear                   0x20000078   Data          48  exp3-1.o(.data)
    receive_finished_countdown               0x200000a8   Data           4  exp3-1.o(.data)
    illuminating_level                       0x200000ac   Data           4  exp3-1.o(.data)
    RxBuf                                    0x200000b0   Data         256  exp3-1.o(.data)
    tail                                     0x200001b0   Data           4  exp3-1.o(.data)
    RxEndFlag                                0x200001b4   Data           4  exp3-1.o(.data)
    switch_byte_flag                         0x200001b8   Data           4  exp3-1.o(.data)
    time_sec                                 0x200001bc   Data           4  exp3-1.o(.data)
    time_min                                 0x200001c0   Data           4  exp3-1.o(.data)
    time_hour                                0x200001c4   Data           4  exp3-1.o(.data)
    time_day                                 0x200001c8   Data           4  exp3-1.o(.data)
    time_month                               0x200001cc   Data           4  exp3-1.o(.data)
    time_year                                0x200001d0   Data           4  exp3-1.o(.data)
    time_solarterm                           0x200001d4   Data           4  exp3-1.o(.data)
    time_set_sec                             0x200001d8   Data           4  exp3-1.o(.data)
    time_set_min                             0x200001dc   Data           4  exp3-1.o(.data)
    time_set_hour                            0x200001e0   Data           4  exp3-1.o(.data)
    time_set_day                             0x200001e4   Data           4  exp3-1.o(.data)
    time_set_month                           0x200001e8   Data           4  exp3-1.o(.data)
    time_set_year                            0x200001ec   Data           4  exp3-1.o(.data)
    time_set_solarterm                       0x200001f0   Data           4  exp3-1.o(.data)
    alarm_1_hour                             0x200001f4   Data           4  exp3-1.o(.data)
    alarm_1_min                              0x200001f8   Data           4  exp3-1.o(.data)
    alarm_1_sec                              0x200001fc   Data           4  exp3-1.o(.data)
    alarm_2_hour                             0x20000200   Data           4  exp3-1.o(.data)
    alarm_2_min                              0x20000204   Data           4  exp3-1.o(.data)
    alarm_2_sec                              0x20000208   Data           4  exp3-1.o(.data)
    timer_min                                0x2000020c   Data           4  exp3-1.o(.data)
    timer_sec                                0x20000210   Data           4  exp3-1.o(.data)
    timer_msec                               0x20000214   Data           4  exp3-1.o(.data)
    timer_set_min                            0x20000218   Data           4  exp3-1.o(.data)
    timer_set_sec                            0x2000021c   Data           4  exp3-1.o(.data)
    timer_set_msec                           0x20000220   Data           4  exp3-1.o(.data)
    SystemCoreClock                          0x20000224   Data           4  system_tm4c129.o(.data)
    __libspace_start                         0x2000066c   Data          96  libspace.o(.bss)
    __temporary_stack_top$libspace           0x200006cc   Data           0  libspace.o(.bss)



==============================================================================

Memory Map of the image

  Image Entry point : 0x00000201

  Load Region LR_IROM1 (Base: 0x00000000, Size: 0x0000654c, Max: 0x00100000, ABSOLUTE, COMPRESSED[0x00005f38])

    Execution Region ER_IROM1 (Base: 0x00000000, Size: 0x00005ee0, Max: 0x00100000, ABSOLUTE)

    Base Addr    Size         Type   Attr      Idx    E Section Name        Object

    0x00000000   0x00000200   Data   RO          261    RESET               startup_tm4c129.o
    0x00000200   0x00000008   Code   RO         1827  * !!!main             c_w.l(__main.o)
    0x00000208   0x00000034   Code   RO         2089    !!!scatter          c_w.l(__scatter.o)
    0x0000023c   0x0000005a   Code   RO         2087    !!dczerorl2         c_w.l(__dczerorl2.o)
    0x00000296   0x00000002   PAD
    0x00000298   0x0000001c   Code   RO         2091    !!handler_zi        c_w.l(__scatter_zi.o)
    0x000002b4   0x00000002   Code   RO         1954    .ARM.Collect$$libinit$$00000000  c_w.l(libinit.o)
    0x000002b6   0x00000004   Code   RO         1961    .ARM.Collect$$libinit$$00000001  c_w.l(libinit2.o)
    0x000002ba   0x00000000   Code   RO         1964    .ARM.Collect$$libinit$$00000004  c_w.l(libinit2.o)
    0x000002ba   0x00000000   Code   RO         1967    .ARM.Collect$$libinit$$0000000A  c_w.l(libinit2.o)
    0x000002ba   0x00000000   Code   RO         1969    .ARM.Collect$$libinit$$0000000C  c_w.l(libinit2.o)
    0x000002ba   0x00000000   Code   RO         1971    .ARM.Collect$$libinit$$0000000E  c_w.l(libinit2.o)
    0x000002ba   0x00000000   Code   RO         1974    .ARM.Collect$$libinit$$00000011  c_w.l(libinit2.o)
    0x000002ba   0x00000000   Code   RO         1976    .ARM.Collect$$libinit$$00000013  c_w.l(libinit2.o)
    0x000002ba   0x00000000   Code   RO         1978    .ARM.Collect$$libinit$$00000015  c_w.l(libinit2.o)
    0x000002ba   0x00000000   Code   RO         1980    .ARM.Collect$$libinit$$00000017  c_w.l(libinit2.o)
    0x000002ba   0x00000000   Code   RO         1982    .ARM.Collect$$libinit$$00000019  c_w.l(libinit2.o)
    0x000002ba   0x00000000   Code   RO         1984    .ARM.Collect$$libinit$$0000001B  c_w.l(libinit2.o)
    0x000002ba   0x00000000   Code   RO         1986    .ARM.Collect$$libinit$$0000001D  c_w.l(libinit2.o)
    0x000002ba   0x00000000   Code   RO         1988    .ARM.Collect$$libinit$$0000001F  c_w.l(libinit2.o)
    0x000002ba   0x00000000   Code   RO         1990    .ARM.Collect$$libinit$$00000021  c_w.l(libinit2.o)
    0x000002ba   0x00000000   Code   RO         1992    .ARM.Collect$$libinit$$00000023  c_w.l(libinit2.o)
    0x000002ba   0x00000000   Code   RO         1994    .ARM.Collect$$libinit$$00000025  c_w.l(libinit2.o)
    0x000002ba   0x00000000   Code   RO         1998    .ARM.Collect$$libinit$$0000002C  c_w.l(libinit2.o)
    0x000002ba   0x00000000   Code   RO         2000    .ARM.Collect$$libinit$$0000002E  c_w.l(libinit2.o)
    0x000002ba   0x00000000   Code   RO         2002    .ARM.Collect$$libinit$$00000030  c_w.l(libinit2.o)
    0x000002ba   0x00000000   Code   RO         2004    .ARM.Collect$$libinit$$00000032  c_w.l(libinit2.o)
    0x000002ba   0x00000002   Code   RO         2005    .ARM.Collect$$libinit$$00000033  c_w.l(libinit2.o)
    0x000002bc   0x00000002   Code   RO         2027    .ARM.Collect$$libshutdown$$00000000  c_w.l(libshutdown.o)
    0x000002be   0x00000000   Code   RO         2040    .ARM.Collect$$libshutdown$$00000002  c_w.l(libshutdown2.o)
    0x000002be   0x00000000   Code   RO         2042    .ARM.Collect$$libshutdown$$00000004  c_w.l(libshutdown2.o)
    0x000002be   0x00000000   Code   RO         2045    .ARM.Collect$$libshutdown$$00000007  c_w.l(libshutdown2.o)
    0x000002be   0x00000000   Code   RO         2048    .ARM.Collect$$libshutdown$$0000000A  c_w.l(libshutdown2.o)
    0x000002be   0x00000000   Code   RO         2050    .ARM.Collect$$libshutdown$$0000000C  c_w.l(libshutdown2.o)
    0x000002be   0x00000000   Code   RO         2053    .ARM.Collect$$libshutdown$$0000000F  c_w.l(libshutdown2.o)
    0x000002be   0x00000002   Code   RO         2054    .ARM.Collect$$libshutdown$$00000010  c_w.l(libshutdown2.o)
    0x000002c0   0x00000000   Code   RO         1861    .ARM.Collect$$rtentry$$00000000  c_w.l(__rtentry.o)
    0x000002c0   0x00000000   Code   RO         1917    .ARM.Collect$$rtentry$$00000002  c_w.l(__rtentry2.o)
    0x000002c0   0x00000006   Code   RO         1929    .ARM.Collect$$rtentry$$00000004  c_w.l(__rtentry4.o)
    0x000002c6   0x00000000   Code   RO         1919    .ARM.Collect$$rtentry$$00000009  c_w.l(__rtentry2.o)
    0x000002c6   0x00000004   Code   RO         1920    .ARM.Collect$$rtentry$$0000000A  c_w.l(__rtentry2.o)
    0x000002ca   0x00000000   Code   RO         1922    .ARM.Collect$$rtentry$$0000000C  c_w.l(__rtentry2.o)
    0x000002ca   0x00000008   Code   RO         1923    .ARM.Collect$$rtentry$$0000000D  c_w.l(__rtentry2.o)
    0x000002d2   0x00000002   Code   RO         1959    .ARM.Collect$$rtexit$$00000000  c_w.l(rtexit.o)
    0x000002d4   0x00000000   Code   RO         2009    .ARM.Collect$$rtexit$$00000002  c_w.l(rtexit2.o)
    0x000002d4   0x00000004   Code   RO         2010    .ARM.Collect$$rtexit$$00000003  c_w.l(rtexit2.o)
    0x000002d8   0x00000006   Code   RO         2011    .ARM.Collect$$rtexit$$00000004  c_w.l(rtexit2.o)
    0x000002de   0x00000002   PAD
    0x000002e0   0x00000006   Code   RO         1103    .emb_text           driverlib.lib(sysctl.o)
    0x000002e6   0x00000002   PAD
    0x000002e8   0x00000026   Code   RO         1809    .emb_text           driverlib.lib(cpu.o)
    0x0000030e   0x00000002   PAD
    0x00000310   0x0000012c   Code   RO          262    .text               startup_tm4c129.o
    0x0000043c   0x00000096   Code   RO         1823    .text               c_w.l(strncmp.o)
    0x000004d2   0x00000006   Code   RO         1825    .text               c_w.l(heapauxi.o)
    0x000004d8   0x00000016   Code   RO         1862    .text               c_w.l(_rserrno.o)
    0x000004ee   0x00000002   PAD
    0x000004f0   0x00000008   Code   RO         1934    .text               c_w.l(rt_errno_addr_intlibspace.o)
    0x000004f8   0x00000008   Code   RO         1942    .text               c_w.l(libspace.o)
    0x00000500   0x0000004a   Code   RO         1945    .text               c_w.l(sys_stackheap_outer.o)
    0x0000054a   0x00000012   Code   RO         1947    .text               c_w.l(exit.o)
    0x0000055c   0x0000000c   Code   RO         2019    .text               c_w.l(sys_exit.o)
    0x00000568   0x00000002   Code   RO         2030    .text               c_w.l(use_no_semi.o)
    0x0000056a   0x00000000   Code   RO         2032    .text               c_w.l(indicate_semi.o)
    0x0000056a   0x0000000c   Code   RO            2    i.Delay             exp3-1.o
    0x00000576   0x00000002   PAD
    0x00000578   0x00000028   Code   RO            3    i.Display_8tubes    exp3-1.o
    0x000005a0   0x00000028   Code   RO          324    i.GPIODirModeSet    driverlib.lib(gpio.o)
    0x000005c8   0x00000006   Code   RO          325    i.GPIOIntClear      driverlib.lib(gpio.o)
    0x000005ce   0x0000000c   Code   RO          327    i.GPIOIntEnable     driverlib.lib(gpio.o)
    0x000005da   0x0000001a   Code   RO          328    i.GPIOIntRegister   driverlib.lib(gpio.o)
    0x000005f4   0x0000000e   Code   RO          330    i.GPIOIntStatus     driverlib.lib(gpio.o)
    0x00000602   0x00000050   Code   RO          332    i.GPIOIntTypeSet    driverlib.lib(gpio.o)
    0x00000652   0x00000002   PAD
    0x00000654   0x000000bc   Code   RO            4    i.GPIOJ_Handler     exp3-1.o
    0x00000710   0x00000138   Code   RO          336    i.GPIOPadConfigSet  driverlib.lib(gpio.o)
    0x00000848   0x00000044   Code   RO          337    i.GPIOPinConfigure  driverlib.lib(gpio.o)
    0x0000088c   0x00000006   Code   RO          338    i.GPIOPinRead       driverlib.lib(gpio.o)
    0x00000892   0x0000001c   Code   RO          347    i.GPIOPinTypeGPIOInput  driverlib.lib(gpio.o)
    0x000008ae   0x0000001c   Code   RO          348    i.GPIOPinTypeGPIOOutput  driverlib.lib(gpio.o)
    0x000008ca   0x0000001c   Code   RO          351    i.GPIOPinTypeI2C    driverlib.lib(gpio.o)
    0x000008e6   0x0000001c   Code   RO          352    i.GPIOPinTypeI2CSCL  driverlib.lib(gpio.o)
    0x00000902   0x0000001c   Code   RO          360    i.GPIOPinTypeUART   driverlib.lib(gpio.o)
    0x0000091e   0x00000006   Code   RO          366    i.GPIOPinWrite      driverlib.lib(gpio.o)
    0x00000924   0x00000080   Code   RO            5    i.I2C0_ReadByte     exp3-1.o
    0x000009a4   0x00000074   Code   RO            6    i.I2C0_WriteByte    exp3-1.o
    0x00000a18   0x0000000c   Code   RO          660    i.I2CMasterBusBusy  driverlib.lib(i2c.o)
    0x00000a24   0x0000000c   Code   RO          661    i.I2CMasterBusy     driverlib.lib(i2c.o)
    0x00000a30   0x00000004   Code   RO          662    i.I2CMasterControl  driverlib.lib(i2c.o)
    0x00000a34   0x00000004   Code   RO          663    i.I2CMasterDataGet  driverlib.lib(i2c.o)
    0x00000a38   0x00000004   Code   RO          664    i.I2CMasterDataPut  driverlib.lib(i2c.o)
    0x00000a3c   0x0000000a   Code   RO          666    i.I2CMasterEnable   driverlib.lib(i2c.o)
    0x00000a46   0x00000018   Code   RO          667    i.I2CMasterErr      driverlib.lib(i2c.o)
    0x00000a5e   0x00000002   PAD
    0x00000a60   0x00000054   Code   RO          669    i.I2CMasterInitExpClk  driverlib.lib(i2c.o)
    0x00000ab4   0x00000008   Code   RO          679    i.I2CMasterSlaveAddrSet  driverlib.lib(i2c.o)
    0x00000abc   0x000000f4   Code   RO            7    i.Initial_Sequence  exp3-1.o
    0x00000bb0   0x00000064   Code   RO          988    i.IntEnable         driverlib.lib(interrupt.o)
    0x00000c14   0x0000000e   Code   RO          991    i.IntMasterEnable   driverlib.lib(interrupt.o)
    0x00000c22   0x00000002   PAD
    0x00000c24   0x00000028   Code   RO          999    i.IntPrioritySet    driverlib.lib(interrupt.o)
    0x00000c4c   0x00000034   Code   RO         1000    i.IntRegister       driverlib.lib(interrupt.o)
    0x00000c80   0x000000a0   Code   RO            8    i.S800_GPIO_Init    exp3-1.o
    0x00000d20   0x000000a0   Code   RO            9    i.S800_I2C0_Init    exp3-1.o
    0x00000dc0   0x00000054   Code   RO           10    i.S800_INT_Init     exp3-1.o
    0x00000e14   0x00000068   Code   RO           11    i.S800_UART_Init    exp3-1.o
    0x00000e7c   0x000002ec   Code   RO         1105    i.SysCtlClockFreqSet  driverlib.lib(sysctl.o)
    0x00001168   0x00000028   Code   RO         1137    i.SysCtlPeripheralEnable  driverlib.lib(sysctl.o)
    0x00001190   0x0000002c   Code   RO         1141    i.SysCtlPeripheralReady  driverlib.lib(sysctl.o)
    0x000011bc   0x0000000e   Code   RO         1452    i.SysTickEnable     driverlib.lib(systick.o)
    0x000011ca   0x0000000e   Code   RO         1454    i.SysTickIntEnable  driverlib.lib(systick.o)
    0x000011d8   0x0000000a   Code   RO         1458    i.SysTickPeriodSet  driverlib.lib(systick.o)
    0x000011e2   0x00000002   PAD
    0x000011e4   0x000001d8   Code   RO           12    i.SysTick_Handler   exp3-1.o
    0x000013bc   0x00000020   Code   RO          271    i.SystemInit        system_tm4c129.o
    0x000013dc   0x0000005c   Code   RO           13    i.UART0_Handler     exp3-1.o
    0x00001438   0x00000010   Code   RO         1521    i.UARTCharGetNonBlocking  driverlib.lib(uart.o)
    0x00001448   0x0000000c   Code   RO         1522    i.UARTCharPut       driverlib.lib(uart.o)
    0x00001454   0x00000010   Code   RO         1523    i.UARTCharPutNonBlocking  driverlib.lib(uart.o)
    0x00001464   0x0000000a   Code   RO         1524    i.UARTCharsAvail    driverlib.lib(uart.o)
    0x0000146e   0x0000006e   Code   RO         1528    i.UARTConfigSetExpClk  driverlib.lib(uart.o)
    0x000014dc   0x00000004   Code   RO         1541    i.UARTIntClear      driverlib.lib(uart.o)
    0x000014e0   0x00000008   Code   RO         1543    i.UARTIntEnable     driverlib.lib(uart.o)
    0x000014e8   0x0000000a   Code   RO         1545    i.UARTIntStatus     driverlib.lib(uart.o)
    0x000014f2   0x0000000a   Code   RO         1558    i.UARTSpaceAvail    driverlib.lib(uart.o)
    0x000014fc   0x0000001c   Code   RO           15    i.UARTStringPut     exp3-1.o
    0x00001518   0x00000024   Code   RO           16    i.UARTStringPutNonBlocking  exp3-1.o
    0x0000153c   0x00000050   Code   RO          367    i._GPIOIntNumberGet  driverlib.lib(gpio.o)
    0x0000158c   0x00000030   Code   RO         1899    i.__ARM_fpclassify  m_wm.l(fpclassify.o)
    0x000015bc   0x00000004   PAD
    0x000015c0   0x00000c50   Code   RO         1847    i.__hardfp_pow      m_wm.l(pow.o)
    0x00002210   0x000000f8   Code   RO         1901    i.__kernel_poly     m_wm.l(poly.o)
    0x00002308   0x00000030   Code   RO         1879    i.__mathlib_dbl_divzero  m_wm.l(dunder.o)
    0x00002338   0x00000014   Code   RO         1881    i.__mathlib_dbl_infnan2  m_wm.l(dunder.o)
    0x0000234c   0x00000004   PAD
    0x00002350   0x00000020   Code   RO         1882    i.__mathlib_dbl_invalid  m_wm.l(dunder.o)
    0x00002370   0x00000020   Code   RO         1883    i.__mathlib_dbl_overflow  m_wm.l(dunder.o)
    0x00002390   0x00000020   Code   RO         1885    i.__mathlib_dbl_underflow  m_wm.l(dunder.o)
    0x000023b0   0x000001f8   Code   RO           17    i.alarm_1           exp3-1.o
    0x000025a8   0x000001f8   Code   RO           18    i.alarm_2           exp3-1.o
    0x000027a0   0x000000c4   Code   RO           19    i.alarm_check       exp3-1.o
    0x00002864   0x00000054   Code   RO           20    i.blink             exp3-1.o
    0x000028b8   0x00000068   Code   RO           21    i.clock_carrying    exp3-1.o
    0x00002920   0x00000234   Code   RO           22    i.clock_display     exp3-1.o
    0x00002b54   0x000000d4   Code   RO           23    i.date_carrying     exp3-1.o
    0x00002c28   0x00000254   Code   RO           24    i.date_display      exp3-1.o
    0x00002e7c   0x00000018   Code   RO         1895    i.fabs              m_wm.l(fabs.o)
    0x00002e94   0x0000002c   Code   RO           25    i.is_leap_year      exp3-1.o
    0x00002ec0   0x0000019c   Code   RO           26    i.main              exp3-1.o
    0x0000305c   0x00000074   Code   RO           27    i.reboot            exp3-1.o
    0x000030d0   0x00000018   Code   RO           28    i.shut_down_tubes   exp3-1.o
    0x000030e8   0x0000148c   Code   RO           29    i.solarterm_display  exp3-1.o
    0x00004574   0x0000006e   Code   RO         1906    i.sqrt              m_wm.l(sqrt.o)
    0x000045e2   0x00000002   PAD
    0x000045e4   0x00000074   Code   RO           30    i.timer_count_down  exp3-1.o
    0x00004658   0x0000021c   Code   RO           31    i.timer_display     exp3-1.o
    0x00004874   0x000003e0   Code   RO           32    i.uart_set_check    exp3-1.o
    0x00004c54   0x00000018   Code   RO         1864    x$fpl$basic         fz_wm.l(basic.o)
    0x00004c6c   0x00000150   Code   RO         1829    x$fpl$dadd          fz_wm.l(daddsub_clz.o)
    0x00004dbc   0x00000010   Code   RO         1936    x$fpl$dcheck1       fz_wm.l(dcheck1.o)
    0x00004dcc   0x00000018   Code   RO         1955    x$fpl$dcmpinf       fz_wm.l(dcmpi.o)
    0x00004de4   0x000002b0   Code   RO         1867    x$fpl$ddiv          fz_wm.l(ddiv.o)
    0x00005094   0x0000005a   Code   RO         1835    x$fpl$dfixu         fz_wm.l(dfixu.o)
    0x000050ee   0x0000002e   Code   RO         1840    x$fpl$dflt          fz_wm.l(dflt_clz.o)
    0x0000511c   0x00000026   Code   RO         1839    x$fpl$dfltu         fz_wm.l(dflt_clz.o)
    0x00005142   0x00000002   PAD
    0x00005144   0x00000078   Code   RO         1938    x$fpl$dleqf         fz_wm.l(dleqf.o)
    0x000051bc   0x00000154   Code   RO         1845    x$fpl$dmul          fz_wm.l(dmul.o)
    0x00005310   0x0000009c   Code   RO         1870    x$fpl$dnaninf       fz_wm.l(dnaninf.o)
    0x000053ac   0x0000000c   Code   RO         1872    x$fpl$dretinf       fz_wm.l(dretinf.o)
    0x000053b8   0x0000006c   Code   RO         1874    x$fpl$drleqf        fz_wm.l(drleqf.o)
    0x00005424   0x00000016   Code   RO         1830    x$fpl$drsb          fz_wm.l(daddsub_clz.o)
    0x0000543a   0x00000002   PAD
    0x0000543c   0x00000198   Code   RO         1940    x$fpl$dsqrt         fz_wm.l(dsqrt_umaal.o)
    0x000055d4   0x000001d4   Code   RO         1831    x$fpl$dsub          fz_wm.l(daddsub_clz.o)
    0x000057a8   0x0000000a   Code   RO         2017    x$fpl$fpinit        fz_wm.l(fpinit.o)
    0x000057b2   0x00000064   Code   RO         1957    x$fpl$retnan        fz_wm.l(retnan.o)
    0x00005816   0x0000005c   Code   RO         1876    x$fpl$scalbn        fz_wm.l(scalbn.o)
    0x00005872   0x00000030   Code   RO         2006    x$fpl$trapveneer    fz_wm.l(trapv.o)
    0x000058a2   0x00000000   Code   RO         1878    x$fpl$usenofp       fz_wm.l(usenofp.o)
    0x000058a2   0x00000002   PAD
    0x000058a4   0x00000228   Data   RO          368    .constdata          driverlib.lib(gpio.o)
    0x00005acc   0x0000010c   Data   RO         1004    .constdata          driverlib.lib(interrupt.o)
    0x00005bd8   0x00000254   Data   RO         1159    .constdata          driverlib.lib(sysctl.o)
    0x00005e2c   0x00000004   PAD
    0x00005e30   0x00000088   Data   RO         1850    .constdata          m_wm.l(pow.o)
    0x00005eb8   0x00000008   Data   RO         1903    .constdata          m_wm.l(qnan.o)
    0x00005ec0   0x00000020   Data   RO         2085    Region$$Table       anon$$obj.o


    Execution Region RW_IRAM1 (Base: 0x20000000, Size: 0x000008d0, Max: 0x00040000, ABSOLUTE, COMPRESSED[0x00000058])

    Base Addr    Size         Type   Attr      Idx    E Section Name        Object

    0x20000000   0x00000224   Data   RW           35    .data               exp3-1.o
    0x20000224   0x00000004   Data   RW          272    .data               system_tm4c129.o
    0x20000228   0x000001d8   PAD
    0x20000400   0x0000026c   Data   RW         1005    vtable              driverlib.lib(interrupt.o)
    0x2000066c   0x00000060   Zero   RW         1943    .bss                c_w.l(libspace.o)
    0x200006cc   0x00000004   PAD
    0x200006d0   0x00000000   Zero   RW          260    HEAP                startup_tm4c129.o
    0x200006d0   0x00000200   Zero   RW          259    STACK               startup_tm4c129.o


==============================================================================

Image component sizes


      Code (inc. data)   RO Data    RW Data    ZI Data      Debug   Object Name

     12132       1200          0        548          0      28152   exp3-1.o
       300         22        512          0        512       6032   startup_tm4c129.o
        32         12          0          4          0        707   system_tm4c129.o

    ----------------------------------------------------------------------
     12466       1234        544       1024        512      34891   Object Totals
         0          0         32          0          0          0   (incl. Generated)
         2          0          0        472          0          0   (incl. Padding)

    ----------------------------------------------------------------------

      Code (inc. data)   RO Data    RW Data    ZI Data      Debug   Library Member Name

        90          0          0          0          0          0   __dczerorl2.o
         8          0          0          0          0         68   __main.o
         0          0          0          0          0          0   __rtentry.o
        12          0          0          0          0          0   __rtentry2.o
         6          0          0          0          0          0   __rtentry4.o
        52          8          0          0          0          0   __scatter.o
        28          0          0          0          0          0   __scatter_zi.o
        22          0          0          0          0        100   _rserrno.o
        18          0          0          0          0         80   exit.o
         6          0          0          0          0        152   heapauxi.o
         0          0          0          0          0          0   indicate_semi.o
         2          0          0          0          0          0   libinit.o
         6          0          0          0          0          0   libinit2.o
         2          0          0          0          0          0   libshutdown.o
         2          0          0          0          0          0   libshutdown2.o
         8          4          0          0         96         68   libspace.o
         8          4          0          0          0         68   rt_errno_addr_intlibspace.o
         2          0          0          0          0          0   rtexit.o
        10          0          0          0          0          0   rtexit2.o
       150          0          0          0          0         80   strncmp.o
        12          4          0          0          0         68   sys_exit.o
        74          0          0          0          0         80   sys_stackheap_outer.o
         2          0          0          0          0         68   use_no_semi.o
        38          0          0          0          0        560   cpu.o
       790         26        552          0          0      13884   gpio.o
       162         12          0          0          0       5710   i2c.o
       206         20        268        620          0       3305   interrupt.o
       838         50        596          0          0       5754   sysctl.o
        38          0          0          0          0       1394   systick.o
       196          0          0          0          0       5924   uart.o
        24          0          0          0          0        164   basic.o
       826         16          0          0          0        492   daddsub_clz.o
        16          4          0          0          0        116   dcheck1.o
        24          0          0          0          0        116   dcmpi.o
       688        140          0          0          0        256   ddiv.o
        90          4          0          0          0        140   dfixu.o
        84          0          0          0          0        232   dflt_clz.o
       120          4          0          0          0        140   dleqf.o
       340         12          0          0          0        152   dmul.o
       156          4          0          0          0        140   dnaninf.o
        12          0          0          0          0        116   dretinf.o
       108          0          0          0          0        128   drleqf.o
       408         56          0          0          0        168   dsqrt_umaal.o
        10          0          0          0          0        116   fpinit.o
       100          0          0          0          0        116   retnan.o
        92          0          0          0          0        116   scalbn.o
        48          0          0          0          0        116   trapv.o
         0          0          0          0          0          0   usenofp.o
       164         44          0          0          0        620   dunder.o
        24          0          0          0          0        124   fabs.o
        48          0          0          0          0        124   fpclassify.o
       248          0          0          0          0        152   poly.o
      3152        296        136          0          0        352   pow.o
         0          0          8          0          0          0   qnan.o
       110          0          0          0          0        148   sqrt.o

    ----------------------------------------------------------------------
      9714        708       1564        620        100      41707   Library Totals
        34          0          4          0          4          0   (incl. Padding)

    ----------------------------------------------------------------------

      Code (inc. data)   RO Data    RW Data    ZI Data      Debug   Library Name

       520         20          0          0         96        832   c_w.l
      2268        108       1416        620          0      36531   driverlib.lib
      3146        240          0          0          0       2824   fz_wm.l
      3746        340        144          0          0       1520   m_wm.l

    ----------------------------------------------------------------------
      9714        708       1564        620        100      41707   Library Totals

    ----------------------------------------------------------------------

==============================================================================


      Code (inc. data)   RO Data    RW Data    ZI Data      Debug   

     22180       1942       2108       1644        612      66486   Grand Totals
     22180       1942       2108         88        612      66486   ELF Image Totals (compressed)
     22180       1942       2108         88          0          0   ROM Totals

==============================================================================

    Total RO  Size (Code + RO Data)                24288 (  23.72kB)
    Total RW  Size (RW Data + ZI Data)              2256 (   2.20kB)
    Total ROM Size (Code + RO Data + RW Data)      24376 (  23.80kB)

==============================================================================

